#-----------------------------------------------------------
# Vivado v2024.2 (64-bit)
# SW Build 5239630 on Fri Nov 08 22:35:27 MST 2024
# IP Build 5239520 on Sun Nov 10 16:12:51 MST 2024
# SharedData Build 5239561 on Fri Nov 08 14:39:27 MST 2024
# Start of session at: Tue Sep  8 16:20:18 2026
# Process ID         : 12116
# Current directory  : C:/binary_decoder_case
# Command line       : vivado.exe -gui_launcher_event rodinguilauncherevent2512 C:\binary_decoder_case\binary_decoder_case.xpr
# Log file           : C:/binary_decoder_case/vivado.log
# Journal file       : C:/binary_decoder_case\vivado.jou
# Running On         : Yarin
# Platform           : Windows Server 2016 or Windows 10
# Operating System   : 26200
# Processor Detail   : 11th Gen Intel(R) Core(TM) i7-1185G7 @ 3.00GHz
# CPU Frequency      : 1805 MHz
# CPU Physical cores : 4
# CPU Logical cores  : 8
# Host memory        : 34068 MB
# Swap memory        : 5368 MB
# Total Virtual      : 39437 MB
# Available Virtual  : 31302 MB
#-----------------------------------------------------------
start_gui
open_project C:/binary_decoder_case/binary_decoder_case.xpr
INFO: [Project 1-313] Project file moved from 'C:/Users/briya/OneDrive/Documentos/9no/DSD/ejercicio_1/binary_decoder_case' since last save.
INFO: [filemgmt 56-3] Default IP Output Path : Could not find the directory 'C:/binary_decoder_case/binary_decoder_case.gen/sources_1'.
Scanning sources...
Finished scanning sources
INFO: [IP_Flow 19-234] Refreshing IP repositories
INFO: [IP_Flow 19-1704] No user IP repositories specified
INFO: [IP_Flow 19-2313] Loaded Vivado IP repository 'C:/Xilinx/Vivado/2024.2/data/ip'.
open_project: Time (s): cpu = 00:00:25 ; elapsed = 00:00:10 . Memory (MB): peak = 1112.332 ; gain = 18.559
launch_simulation
Command: launch_simulation 
INFO: [Vivado 12-12493] Simulation top is 'tb_priority_encoder_case'
WARNING: [Vivado 12-13340] Unable to auto find GCC executables from simulator install path! (path not set)
INFO: [Vivado 12-5682] Launching behavioral simulation in 'C:/binary_decoder_case/binary_decoder_case.sim/sim_1/behav/xsim'
INFO: [SIM-utils-51] Simulation object is 'sim_1'
INFO: [SIM-utils-72] Using boost library from 'C:/Xilinx/Vivado/2024.2/tps/boost_1_72_0'
INFO: [SIM-utils-54] Inspecting design source files for 'tb_priority_encoder_case' in fileset 'sim_1'...
INFO: [USF-XSim-97] Finding global include files...
INFO: [USF-XSim-98] Fetching design files from 'sim_1'...
INFO: [USF-XSim-2] XSim::Compile design
INFO: [USF-XSim-61] Executing 'COMPILE and ANALYZE' step in 'C:/binary_decoder_case/binary_decoder_case.sim/sim_1/behav/xsim'
"xvlog --incr --relax -L uvm -prj tb_priority_encoder_case_vlog.prj"
INFO: [VRFC 10-2263] Analyzing SystemVerilog file "C:/binary_decoder_case/binary_decoder_case.srcs/sim_1/new/tb_binary_decoder_case.sv" into library xil_defaultlib
INFO: [VRFC 10-311] analyzing module tb_priority_encoder_case
INFO: [VRFC 10-2263] Analyzing Verilog file "C:/binary_decoder_case/binary_decoder_case.sim/sim_1/behav/xsim/glbl.v" into library xil_defaultlib
INFO: [VRFC 10-311] analyzing module glbl
run_program: Time (s): cpu = 00:00:01 ; elapsed = 00:00:06 . Memory (MB): peak = 1145.285 ; gain = 0.000
INFO: [USF-XSim-69] 'compile' step finished in '7' seconds
INFO: [USF-XSim-3] XSim::Elaborate design
INFO: [USF-XSim-61] Executing 'ELABORATE' step in 'C:/binary_decoder_case/binary_decoder_case.sim/sim_1/behav/xsim'
"xelab --incr --debug typical --relax --mt 2 -L xil_defaultlib -L uvm -L unisims_ver -L unimacro_ver -L secureip --snapshot tb_priority_encoder_case_behav xil_defaultlib.tb_priority_encoder_case xil_defaultlib.glbl -log elaborate.log"
Vivado Simulator v2024.2.0
Copyright 1986-2022 Xilinx, Inc. All Rights Reserved.
Copyright 2022-2024 Advanced Micro Devices, Inc. All Rights Reserved.
Running: C:/Xilinx/Vivado/2024.2/bin/unwrapped/win64.o/xelab.exe --incr --debug typical --relax --mt 2 -L xil_defaultlib -L uvm -L unisims_ver -L unimacro_ver -L secureip --snapshot tb_priority_encoder_case_behav xil_defaultlib.tb_priority_encoder_case xil_defaultlib.glbl -log elaborate.log 
Using 2 slave threads.
Starting static elaboration
Pass Through NonSizing Optimizer
ERROR: [VRFC 10-2063] Module <priority_encoder_casez> not found while processing module instance <DUT> [C:/binary_decoder_case/binary_decoder_case.srcs/sim_1/new/tb_binary_decoder_case.sv:29]
ERROR: [XSIM 43-3322] Static elaboration of top level Verilog design unit(s) in library work failed.
INFO: [USF-XSim-69] 'elaborate' step finished in '4' seconds
INFO: [USF-XSim-99] Step results log file:'C:/binary_decoder_case/binary_decoder_case.sim/sim_1/behav/xsim/elaborate.log'
ERROR: [USF-XSim-62] 'elaborate' step failed with error(s). Please check the Tcl console output or 'C:/binary_decoder_case/binary_decoder_case.sim/sim_1/behav/xsim/elaborate.log' file for more information.
ERROR: [Vivado 12-4473] Detected error while running simulation. Please correct the issue and retry this operation.
launch_simulation: Time (s): cpu = 00:00:03 ; elapsed = 00:00:12 . Memory (MB): peak = 1145.285 ; gain = 0.000
ERROR: [Common 17-39] 'launch_simulation' failed due to earlier errors.
update_compile_order -fileset sources_1
export_ip_user_files -of_objects  [get_files C:/binary_decoder_case/binary_decoder_case.srcs/sim_1/new/tb_binary_decoder_case.sv] -no_script -reset -force -quiet
remove_files  -fileset sim_1 C:/binary_decoder_case/binary_decoder_case.srcs/sim_1/new/tb_binary_decoder_case.sv
set_property SOURCE_SET sources_1 [get_filesets sim_1]
close [ open C:/binary_decoder_case/binary_decoder_case.srcs/sim_1/new/tb_binary_decoder_case.v w ]
add_files -fileset sim_1 C:/binary_decoder_case/binary_decoder_case.srcs/sim_1/new/tb_binary_decoder_case.v
update_compile_order -fileset sim_1
WARNING: [filemgmt 56-199] Attempt to get parsing info during refresh. "On-the-fly" syntax checking information may be incorrect. [C:\binary_decoder_case\binary_decoder_case.srcs\sim_1\new\tb_binary_decoder_case.v:]
WARNING: [filemgmt 56-199] Attempt to get parsing info during refresh. "On-the-fly" syntax checking information may be incorrect. [C:\binary_decoder_case\binary_decoder_case.srcs\sources_1\new\binary_decoder_case.sv:]
WARNING: [filemgmt 56-199] Attempt to get parsing info during refresh. "On-the-fly" syntax checking information may be incorrect. [C:\binary_decoder_case\binary_decoder_case.srcs\sim_1\new\tb_binary_decoder_case.sv:]
WARNING: [filemgmt 56-199] Attempt to get parsing info during refresh. "On-the-fly" syntax checking information may be incorrect. [C:\binary_decoder_case\binary_decoder_case.srcs\sim_1\new\tb_binary_decoder_case.v:]
WARNING: [filemgmt 56-199] Attempt to get parsing info during refresh. "On-the-fly" syntax checking information may be incorrect. [C:\binary_decoder_case\binary_decoder_case.srcs\sim_1\new\tb_binary_decoder_case.v:]
ERROR: [Common 17-180] Spawn failed: No error
WARNING: [filemgmt 56-199] Attempt to get parsing info during refresh. "On-the-fly" syntax checking information may be incorrect. [C:\binary_decoder_case\binary_decoder_case.srcs\sim_1\new\tb_binary_decoder_case.v:]
WARNING: [filemgmt 56-199] Attempt to get parsing info during refresh. "On-the-fly" syntax checking information may be incorrect. [C:\binary_decoder_case\binary_decoder_case.srcs\sources_1\new\binary_decoder_case.sv:]
WARNING: [filemgmt 56-199] Attempt to get parsing info during refresh. "On-the-fly" syntax checking information may be incorrect. [C:\binary_decoder_case\binary_decoder_case.srcs\sim_1\new\tb_binary_decoder_case.sv:]
WARNING: [filemgmt 56-199] Attempt to get parsing info during refresh. "On-the-fly" syntax checking information may be incorrect. [C:\binary_decoder_case\binary_decoder_case.srcs\sim_1\new\tb_binary_decoder_case.v:]
WARNING: [filemgmt 56-199] Attempt to get parsing info during refresh. "On-the-fly" syntax checking information may be incorrect. [C:\binary_decoder_case\binary_decoder_case.srcs\sim_1\new\tb_binary_decoder_case.v:]
ERROR: [Common 17-180] Spawn failed: No error
update_compile_order -fileset sim_1
WARNING: [filemgmt 56-199] Attempt to get parsing info during refresh. "On-the-fly" syntax checking information may be incorrect. [C:\binary_decoder_case\binary_decoder_case.srcs\sim_1\new\tb_binary_decoder_case.v:]
WARNING: [filemgmt 56-199] Attempt to get parsing info during refresh. "On-the-fly" syntax checking information may be incorrect. [C:\binary_decoder_case\binary_decoder_case.srcs\sources_1\new\binary_decoder_case.sv:]
WARNING: [filemgmt 56-199] Attempt to get parsing info during refresh. "On-the-fly" syntax checking information may be incorrect. [C:\binary_decoder_case\binary_decoder_case.srcs\sim_1\new\tb_binary_decoder_case.sv:]
WARNING: [filemgmt 56-199] Attempt to get parsing info during refresh. "On-the-fly" syntax checking information may be incorrect. [C:\binary_decoder_case\binary_decoder_case.srcs\sim_1\new\tb_binary_decoder_case.v:]
WARNING: [filemgmt 56-199] Attempt to get parsing info during refresh. "On-the-fly" syntax checking information may be incorrect. [C:\binary_decoder_case\binary_decoder_case.srcs\sim_1\new\tb_binary_decoder_case.v:]
ERROR: [Common 17-180] Spawn failed: No error
launch_simulation
Command: launch_simulation 
INFO: [Vivado 12-12493] Simulation top is 'tb_binary_decoder_case'
WARNING: [Vivado 12-13340] Unable to auto find GCC executables from simulator install path! (path not set)
INFO: [Vivado 12-5682] Launching behavioral simulation in 'C:/binary_decoder_case/binary_decoder_case.sim/sim_1/behav/xsim'
INFO: [SIM-utils-51] Simulation object is 'sim_1'
INFO: [SIM-utils-72] Using boost library from 'C:/Xilinx/Vivado/2024.2/tps/boost_1_72_0'
INFO: [SIM-utils-54] Inspecting design source files for 'tb_binary_decoder_case' in fileset 'sim_1'...
INFO: [USF-XSim-97] Finding global include files...
INFO: [USF-XSim-98] Fetching design files from 'sim_1'...
INFO: [USF-XSim-2] XSim::Compile design
INFO: [USF-XSim-61] Executing 'COMPILE and ANALYZE' step in 'C:/binary_decoder_case/binary_decoder_case.sim/sim_1/behav/xsim'
"xvlog --incr --relax -prj tb_binary_decoder_case_vlog.prj"
INFO: [VRFC 10-2263] Analyzing Verilog file "C:/binary_decoder_case/binary_decoder_case.srcs/sim_1/new/tb_binary_decoder_case.v" into library xil_defaultlib
INFO: [VRFC 10-311] analyzing module tb_binary_decoder_case
ERROR: [VRFC 10-1280] procedural assignment to a non-register p_in is not permitted, left-hand side should be reg/integer/time/genvar [C:/binary_decoder_case/binary_decoder_case.srcs/sim_1/new/tb_binary_decoder_case.v:35]
ERROR: [VRFC 10-1280] procedural assignment to a non-register p_in is not permitted, left-hand side should be reg/integer/time/genvar [C:/binary_decoder_case/binary_decoder_case.srcs/sim_1/new/tb_binary_decoder_case.v:36]
ERROR: [VRFC 10-1280] procedural assignment to a non-register p_in is not permitted, left-hand side should be reg/integer/time/genvar [C:/binary_decoder_case/binary_decoder_case.srcs/sim_1/new/tb_binary_decoder_case.v:37]
ERROR: [VRFC 10-1280] procedural assignment to a non-register p_in is not permitted, left-hand side should be reg/integer/time/genvar [C:/binary_decoder_case/binary_decoder_case.srcs/sim_1/new/tb_binary_decoder_case.v:38]
ERROR: [VRFC 10-1280] procedural assignment to a non-register p_in is not permitted, left-hand side should be reg/integer/time/genvar [C:/binary_decoder_case/binary_decoder_case.srcs/sim_1/new/tb_binary_decoder_case.v:39]
ERROR: [VRFC 10-1280] procedural assignment to a non-register p_in is not permitted, left-hand side should be reg/integer/time/genvar [C:/binary_decoder_case/binary_decoder_case.srcs/sim_1/new/tb_binary_decoder_case.v:40]
ERROR: [VRFC 10-1280] procedural assignment to a non-register p_in is not permitted, left-hand side should be reg/integer/time/genvar [C:/binary_decoder_case/binary_decoder_case.srcs/sim_1/new/tb_binary_decoder_case.v:41]
ERROR: [VRFC 10-1280] procedural assignment to a non-register p_in is not permitted, left-hand side should be reg/integer/time/genvar [C:/binary_decoder_case/binary_decoder_case.srcs/sim_1/new/tb_binary_decoder_case.v:42]
ERROR: [VRFC 10-1280] procedural assignment to a non-register p_in is not permitted, left-hand side should be reg/integer/time/genvar [C:/binary_decoder_case/binary_decoder_case.srcs/sim_1/new/tb_binary_decoder_case.v:43]
ERROR: [VRFC 10-1280] procedural assignment to a non-register p_in is not permitted, left-hand side should be reg/integer/time/genvar [C:/binary_decoder_case/binary_decoder_case.srcs/sim_1/new/tb_binary_decoder_case.v:44]
ERROR: [VRFC 10-1280] procedural assignment to a non-register p_in is not permitted, left-hand side should be reg/integer/time/genvar [C:/binary_decoder_case/binary_decoder_case.srcs/sim_1/new/tb_binary_decoder_case.v:45]
ERROR: [VRFC 10-1280] procedural assignment to a non-register p_in is not permitted, left-hand side should be reg/integer/time/genvar [C:/binary_decoder_case/binary_decoder_case.srcs/sim_1/new/tb_binary_decoder_case.v:46]
ERROR: [VRFC 10-1280] procedural assignment to a non-register p_in is not permitted, left-hand side should be reg/integer/time/genvar [C:/binary_decoder_case/binary_decoder_case.srcs/sim_1/new/tb_binary_decoder_case.v:47]
ERROR: [VRFC 10-1280] procedural assignment to a non-register p_in is not permitted, left-hand side should be reg/integer/time/genvar [C:/binary_decoder_case/binary_decoder_case.srcs/sim_1/new/tb_binary_decoder_case.v:48]
ERROR: [VRFC 10-1280] procedural assignment to a non-register p_in is not permitted, left-hand side should be reg/integer/time/genvar [C:/binary_decoder_case/binary_decoder_case.srcs/sim_1/new/tb_binary_decoder_case.v:49]
ERROR: [VRFC 10-1280] procedural assignment to a non-register p_in is not permitted, left-hand side should be reg/integer/time/genvar [C:/binary_decoder_case/binary_decoder_case.srcs/sim_1/new/tb_binary_decoder_case.v:50]
ERROR: [VRFC 10-8530] module 'tb_binary_decoder_case' is ignored due to previous errors [C:/binary_decoder_case/binary_decoder_case.srcs/sim_1/new/tb_binary_decoder_case.v:23]
INFO: [USF-XSim-69] 'compile' step finished in '3' seconds
INFO: [USF-XSim-99] Step results log file:'C:/binary_decoder_case/binary_decoder_case.sim/sim_1/behav/xsim/xvlog.log'
ERROR: [USF-XSim-62] 'compile' step failed with error(s). Please check the Tcl console output or 'C:/binary_decoder_case/binary_decoder_case.sim/sim_1/behav/xsim/xvlog.log' file for more information.
ERROR: [Vivado 12-4473] Detected error while running simulation. Please correct the issue and retry this operation.
ERROR: [Common 17-39] 'launch_simulation' failed due to earlier errors.
WARNING: [filemgmt 56-199] Attempt to get parsing info during refresh. "On-the-fly" syntax checking information may be incorrect. [C:\binary_decoder_case\binary_decoder_case.srcs\sim_1\new\tb_binary_decoder_case.v:]
WARNING: [filemgmt 56-199] Attempt to get parsing info during refresh. "On-the-fly" syntax checking information may be incorrect. [C:\binary_decoder_case\binary_decoder_case.srcs\sources_1\new\binary_decoder_case.sv:]
WARNING: [filemgmt 56-199] Attempt to get parsing info during refresh. "On-the-fly" syntax checking information may be incorrect. [C:\binary_decoder_case\binary_decoder_case.srcs\sim_1\new\tb_binary_decoder_case.sv:]
WARNING: [filemgmt 56-199] Attempt to get parsing info during refresh. "On-the-fly" syntax checking information may be incorrect. [C:\binary_decoder_case\binary_decoder_case.srcs\sim_1\new\tb_binary_decoder_case.v:]
WARNING: [filemgmt 56-199] Attempt to get parsing info during refresh. "On-the-fly" syntax checking information may be incorrect. [C:\binary_decoder_case\binary_decoder_case.srcs\sim_1\new\tb_binary_decoder_case.v:]
ERROR: [Common 17-180] Spawn failed: No error
launch_simulation
Command: launch_simulation 
INFO: [Vivado 12-12493] Simulation top is 'tb_binary_decoder_case'
WARNING: [Vivado 12-13340] Unable to auto find GCC executables from simulator install path! (path not set)
INFO: [Vivado 12-5682] Launching behavioral simulation in 'C:/binary_decoder_case/binary_decoder_case.sim/sim_1/behav/xsim'
INFO: [SIM-utils-51] Simulation object is 'sim_1'
INFO: [SIM-utils-72] Using boost library from 'C:/Xilinx/Vivado/2024.2/tps/boost_1_72_0'
INFO: [SIM-utils-54] Inspecting design source files for 'tb_binary_decoder_case' in fileset 'sim_1'...
INFO: [USF-XSim-97] Finding global include files...
INFO: [USF-XSim-98] Fetching design files from 'sim_1'...
INFO: [USF-XSim-2] XSim::Compile design
INFO: [USF-XSim-61] Executing 'COMPILE and ANALYZE' step in 'C:/binary_decoder_case/binary_decoder_case.sim/sim_1/behav/xsim'
"xvlog --incr --relax -L uvm -prj tb_binary_decoder_case_vlog.prj"
INFO: [VRFC 10-2263] Analyzing SystemVerilog file "C:/binary_decoder_case/binary_decoder_case.srcs/sources_1/new/binary_decoder_case.sv" into library xil_defaultlib
INFO: [VRFC 10-311] analyzing module binary_decoder_case
INFO: [VRFC 10-2263] Analyzing Verilog file "C:/binary_decoder_case/binary_decoder_case.srcs/sim_1/new/tb_binary_decoder_case.v" into library xil_defaultlib
INFO: [VRFC 10-311] analyzing module tb_binary_decoder_case
ERROR: [VRFC 10-1280] procedural assignment to a non-register p_in is not permitted, left-hand side should be reg/integer/time/genvar [C:/binary_decoder_case/binary_decoder_case.srcs/sim_1/new/tb_binary_decoder_case.v:35]
ERROR: [VRFC 10-1280] procedural assignment to a non-register p_in is not permitted, left-hand side should be reg/integer/time/genvar [C:/binary_decoder_case/binary_decoder_case.srcs/sim_1/new/tb_binary_decoder_case.v:36]
ERROR: [VRFC 10-1280] procedural assignment to a non-register p_in is not permitted, left-hand side should be reg/integer/time/genvar [C:/binary_decoder_case/binary_decoder_case.srcs/sim_1/new/tb_binary_decoder_case.v:37]
ERROR: [VRFC 10-1280] procedural assignment to a non-register p_in is not permitted, left-hand side should be reg/integer/time/genvar [C:/binary_decoder_case/binary_decoder_case.srcs/sim_1/new/tb_binary_decoder_case.v:38]
ERROR: [VRFC 10-1280] procedural assignment to a non-register p_in is not permitted, left-hand side should be reg/integer/time/genvar [C:/binary_decoder_case/binary_decoder_case.srcs/sim_1/new/tb_binary_decoder_case.v:39]
ERROR: [VRFC 10-1280] procedural assignment to a non-register p_in is not permitted, left-hand side should be reg/integer/time/genvar [C:/binary_decoder_case/binary_decoder_case.srcs/sim_1/new/tb_binary_decoder_case.v:40]
ERROR: [VRFC 10-1280] procedural assignment to a non-register p_in is not permitted, left-hand side should be reg/integer/time/genvar [C:/binary_decoder_case/binary_decoder_case.srcs/sim_1/new/tb_binary_decoder_case.v:41]
ERROR: [VRFC 10-1280] procedural assignment to a non-register p_in is not permitted, left-hand side should be reg/integer/time/genvar [C:/binary_decoder_case/binary_decoder_case.srcs/sim_1/new/tb_binary_decoder_case.v:42]
ERROR: [VRFC 10-1280] procedural assignment to a non-register p_in is not permitted, left-hand side should be reg/integer/time/genvar [C:/binary_decoder_case/binary_decoder_case.srcs/sim_1/new/tb_binary_decoder_case.v:43]
ERROR: [VRFC 10-1280] procedural assignment to a non-register p_in is not permitted, left-hand side should be reg/integer/time/genvar [C:/binary_decoder_case/binary_decoder_case.srcs/sim_1/new/tb_binary_decoder_case.v:44]
ERROR: [VRFC 10-1280] procedural assignment to a non-register p_in is not permitted, left-hand side should be reg/integer/time/genvar [C:/binary_decoder_case/binary_decoder_case.srcs/sim_1/new/tb_binary_decoder_case.v:45]
ERROR: [VRFC 10-1280] procedural assignment to a non-register p_in is not permitted, left-hand side should be reg/integer/time/genvar [C:/binary_decoder_case/binary_decoder_case.srcs/sim_1/new/tb_binary_decoder_case.v:46]
ERROR: [VRFC 10-1280] procedural assignment to a non-register p_in is not permitted, left-hand side should be reg/integer/time/genvar [C:/binary_decoder_case/binary_decoder_case.srcs/sim_1/new/tb_binary_decoder_case.v:47]
ERROR: [VRFC 10-1280] procedural assignment to a non-register p_in is not permitted, left-hand side should be reg/integer/time/genvar [C:/binary_decoder_case/binary_decoder_case.srcs/sim_1/new/tb_binary_decoder_case.v:48]
ERROR: [VRFC 10-1280] procedural assignment to a non-register p_in is not permitted, left-hand side should be reg/integer/time/genvar [C:/binary_decoder_case/binary_decoder_case.srcs/sim_1/new/tb_binary_decoder_case.v:49]
ERROR: [VRFC 10-1280] procedural assignment to a non-register p_in is not permitted, left-hand side should be reg/integer/time/genvar [C:/binary_decoder_case/binary_decoder_case.srcs/sim_1/new/tb_binary_decoder_case.v:50]
ERROR: [VRFC 10-8530] module 'tb_binary_decoder_case' is ignored due to previous errors [C:/binary_decoder_case/binary_decoder_case.srcs/sim_1/new/tb_binary_decoder_case.v:23]
INFO: [USF-XSim-69] 'compile' step finished in '3' seconds
INFO: [USF-XSim-99] Step results log file:'C:/binary_decoder_case/binary_decoder_case.sim/sim_1/behav/xsim/xvlog.log'
ERROR: [USF-XSim-62] 'compile' step failed with error(s). Please check the Tcl console output or 'C:/binary_decoder_case/binary_decoder_case.sim/sim_1/behav/xsim/xvlog.log' file for more information.
ERROR: [Vivado 12-4473] Detected error while running simulation. Please correct the issue and retry this operation.
ERROR: [Common 17-39] 'launch_simulation' failed due to earlier errors.
WARNING: [filemgmt 56-199] Attempt to get parsing info during refresh. "On-the-fly" syntax checking information may be incorrect. [C:\binary_decoder_case\binary_decoder_case.srcs\sim_1\new\tb_binary_decoder_case.v:]
WARNING: [filemgmt 56-199] Attempt to get parsing info during refresh. "On-the-fly" syntax checking information may be incorrect. [C:\binary_decoder_case\binary_decoder_case.srcs\sources_1\new\binary_decoder_case.sv:]
WARNING: [filemgmt 56-199] Attempt to get parsing info during refresh. "On-the-fly" syntax checking information may be incorrect. [C:\binary_decoder_case\binary_decoder_case.srcs\sim_1\new\tb_binary_decoder_case.sv:]
WARNING: [filemgmt 56-199] Attempt to get parsing info during refresh. "On-the-fly" syntax checking information may be incorrect. [C:\binary_decoder_case\binary_decoder_case.srcs\sim_1\new\tb_binary_decoder_case.v:]
WARNING: [filemgmt 56-199] Attempt to get parsing info during refresh. "On-the-fly" syntax checking information may be incorrect. [C:\binary_decoder_case\binary_decoder_case.srcs\sim_1\new\tb_binary_decoder_case.v:]
ERROR: [Common 17-180] Spawn failed: No error
launch_simulation
Command: launch_simulation 
INFO: [Vivado 12-12493] Simulation top is 'tb_binary_decoder_case'
WARNING: [Vivado 12-13340] Unable to auto find GCC executables from simulator install path! (path not set)
INFO: [Vivado 12-5682] Launching behavioral simulation in 'C:/binary_decoder_case/binary_decoder_case.sim/sim_1/behav/xsim'
INFO: [SIM-utils-51] Simulation object is 'sim_1'
INFO: [SIM-utils-72] Using boost library from 'C:/Xilinx/Vivado/2024.2/tps/boost_1_72_0'
INFO: [SIM-utils-54] Inspecting design source files for 'tb_binary_decoder_case' in fileset 'sim_1'...
INFO: [USF-XSim-97] Finding global include files...
INFO: [USF-XSim-98] Fetching design files from 'sim_1'...
INFO: [USF-XSim-2] XSim::Compile design
INFO: [USF-XSim-61] Executing 'COMPILE and ANALYZE' step in 'C:/binary_decoder_case/binary_decoder_case.sim/sim_1/behav/xsim'
"xvlog --incr --relax -L uvm -prj tb_binary_decoder_case_vlog.prj"
INFO: [VRFC 10-2263] Analyzing SystemVerilog file "C:/binary_decoder_case/binary_decoder_case.srcs/sources_1/new/binary_decoder_case.sv" into library xil_defaultlib
INFO: [VRFC 10-311] analyzing module binary_decoder_case
INFO: [VRFC 10-2263] Analyzing Verilog file "C:/binary_decoder_case/binary_decoder_case.srcs/sim_1/new/tb_binary_decoder_case.v" into library xil_defaultlib
INFO: [VRFC 10-311] analyzing module tb_binary_decoder_case
ERROR: [VRFC 10-2939] 'logic' is an unknown type [C:/binary_decoder_case/binary_decoder_case.srcs/sim_1/new/tb_binary_decoder_case.v:28]
ERROR: [VRFC 10-2939] 'logic' is an unknown type [C:/binary_decoder_case/binary_decoder_case.srcs/sim_1/new/tb_binary_decoder_case.v:29]
ERROR: [VRFC 10-8530] module 'tb_binary_decoder_case' is ignored due to previous errors [C:/binary_decoder_case/binary_decoder_case.srcs/sim_1/new/tb_binary_decoder_case.v:25]
INFO: [USF-XSim-69] 'compile' step finished in '3' seconds
INFO: [USF-XSim-99] Step results log file:'C:/binary_decoder_case/binary_decoder_case.sim/sim_1/behav/xsim/xvlog.log'
ERROR: [USF-XSim-62] 'compile' step failed with error(s). Please check the Tcl console output or 'C:/binary_decoder_case/binary_decoder_case.sim/sim_1/behav/xsim/xvlog.log' file for more information.
ERROR: [Vivado 12-4473] Detected error while running simulation. Please correct the issue and retry this operation.
ERROR: [Common 17-39] 'launch_simulation' failed due to earlier errors.
reset_simulation -simset sim_1 -mode behavioral
INFO: [Vivado 12-2266] Removing simulation data...
INFO: [Vivado 12-2267] Reset complete
WARNING: [filemgmt 56-199] Attempt to get parsing info during refresh. "On-the-fly" syntax checking information may be incorrect. [C:\binary_decoder_case\binary_decoder_case.srcs\sim_1\new\tb_binary_decoder_case.v:]
WARNING: [filemgmt 56-199] Attempt to get parsing info during refresh. "On-the-fly" syntax checking information may be incorrect. [C:\binary_decoder_case\binary_decoder_case.srcs\sources_1\new\binary_decoder_case.sv:]
WARNING: [filemgmt 56-199] Attempt to get parsing info during refresh. "On-the-fly" syntax checking information may be incorrect. [C:\binary_decoder_case\binary_decoder_case.srcs\sim_1\new\tb_binary_decoder_case.sv:]
WARNING: [filemgmt 56-199] Attempt to get parsing info during refresh. "On-the-fly" syntax checking information may be incorrect. [C:\binary_decoder_case\binary_decoder_case.srcs\sim_1\new\tb_binary_decoder_case.v:]
WARNING: [filemgmt 56-199] Attempt to get parsing info during refresh. "On-the-fly" syntax checking information may be incorrect. [C:\binary_decoder_case\binary_decoder_case.srcs\sim_1\new\tb_binary_decoder_case.v:]
ERROR: [Common 17-180] Spawn failed: No error
launch_simulation
Command: launch_simulation 
INFO: [Vivado 12-12493] Simulation top is 'tb_binary_decoder_case'
WARNING: [Vivado 12-13340] Unable to auto find GCC executables from simulator install path! (path not set)
INFO: [Vivado 12-5682] Launching behavioral simulation in 'C:/binary_decoder_case/binary_decoder_case.sim/sim_1/behav/xsim'
INFO: [SIM-utils-51] Simulation object is 'sim_1'
INFO: [SIM-utils-72] Using boost library from 'C:/Xilinx/Vivado/2024.2/tps/boost_1_72_0'
INFO: [SIM-utils-54] Inspecting design source files for 'tb_binary_decoder_case' in fileset 'sim_1'...
INFO: [USF-XSim-97] Finding global include files...
INFO: [USF-XSim-98] Fetching design files from 'sim_1'...
INFO: [USF-XSim-2] XSim::Compile design
INFO: [USF-XSim-61] Executing 'COMPILE and ANALYZE' step in 'C:/binary_decoder_case/binary_decoder_case.sim/sim_1/behav/xsim'
"xvlog --incr --relax -L uvm -prj tb_binary_decoder_case_vlog.prj"
INFO: [VRFC 10-2263] Analyzing SystemVerilog file "C:/binary_decoder_case/binary_decoder_case.srcs/sources_1/new/binary_decoder_case.sv" into library xil_defaultlib
INFO: [VRFC 10-311] analyzing module binary_decoder_case
INFO: [VRFC 10-2263] Analyzing Verilog file "C:/binary_decoder_case/binary_decoder_case.srcs/sim_1/new/tb_binary_decoder_case.v" into library xil_defaultlib
INFO: [VRFC 10-311] analyzing module tb_binary_decoder_case
ERROR: [VRFC 10-2939] 'logic' is an unknown type [C:/binary_decoder_case/binary_decoder_case.srcs/sim_1/new/tb_binary_decoder_case.v:28]
ERROR: [VRFC 10-2939] 'logic' is an unknown type [C:/binary_decoder_case/binary_decoder_case.srcs/sim_1/new/tb_binary_decoder_case.v:29]
ERROR: [VRFC 10-8530] module 'tb_binary_decoder_case' is ignored due to previous errors [C:/binary_decoder_case/binary_decoder_case.srcs/sim_1/new/tb_binary_decoder_case.v:25]
INFO: [USF-XSim-69] 'compile' step finished in '3' seconds
INFO: [USF-XSim-99] Step results log file:'C:/binary_decoder_case/binary_decoder_case.sim/sim_1/behav/xsim/xvlog.log'
ERROR: [USF-XSim-62] 'compile' step failed with error(s). Please check the Tcl console output or 'C:/binary_decoder_case/binary_decoder_case.sim/sim_1/behav/xsim/xvlog.log' file for more information.
ERROR: [Vivado 12-4473] Detected error while running simulation. Please correct the issue and retry this operation.
ERROR: [Common 17-39] 'launch_simulation' failed due to earlier errors.
set_property file_type SystemVerilog [get_files  C:/binary_decoder_case/binary_decoder_case.srcs/sim_1/new/tb_binary_decoder_case.v]
WARNING: [filemgmt 56-199] Attempt to get parsing info during refresh. "On-the-fly" syntax checking information may be incorrect. [C:\binary_decoder_case\binary_decoder_case.srcs\sim_1\new\tb_binary_decoder_case.v:]
WARNING: [filemgmt 56-199] Attempt to get parsing info during refresh. "On-the-fly" syntax checking information may be incorrect. [C:\binary_decoder_case\binary_decoder_case.srcs\sources_1\new\binary_decoder_case.sv:]
WARNING: [filemgmt 56-199] Attempt to get parsing info during refresh. "On-the-fly" syntax checking information may be incorrect. [C:\binary_decoder_case\binary_decoder_case.srcs\sim_1\new\tb_binary_decoder_case.sv:]
WARNING: [filemgmt 56-199] Attempt to get parsing info during refresh. "On-the-fly" syntax checking information may be incorrect. [C:\binary_decoder_case\binary_decoder_case.srcs\sim_1\new\tb_binary_decoder_case.v:]
WARNING: [filemgmt 56-199] Attempt to get parsing info during refresh. "On-the-fly" syntax checking information may be incorrect. [C:\binary_decoder_case\binary_decoder_case.srcs\sim_1\new\tb_binary_decoder_case.v:]
ERROR: [Common 17-180] Spawn failed: No error
reset_simulation -simset sim_1 -mode behavioral
INFO: [Vivado 12-2266] Removing simulation data...
INFO: [Vivado 12-2267] Reset complete
WARNING: [filemgmt 56-199] Attempt to get parsing info during refresh. "On-the-fly" syntax checking information may be incorrect. [C:\binary_decoder_case\binary_decoder_case.srcs\sim_1\new\tb_binary_decoder_case.v:]
WARNING: [filemgmt 56-199] Attempt to get parsing info during refresh. "On-the-fly" syntax checking information may be incorrect. [C:\binary_decoder_case\binary_decoder_case.srcs\sources_1\new\binary_decoder_case.sv:]
WARNING: [filemgmt 56-199] Attempt to get parsing info during refresh. "On-the-fly" syntax checking information may be incorrect. [C:\binary_decoder_case\binary_decoder_case.srcs\sim_1\new\tb_binary_decoder_case.sv:]
WARNING: [filemgmt 56-199] Attempt to get parsing info during refresh. "On-the-fly" syntax checking information may be incorrect. [C:\binary_decoder_case\binary_decoder_case.srcs\sim_1\new\tb_binary_decoder_case.v:]
WARNING: [filemgmt 56-199] Attempt to get parsing info during refresh. "On-the-fly" syntax checking information may be incorrect. [C:\binary_decoder_case\binary_decoder_case.srcs\sim_1\new\tb_binary_decoder_case.v:]
ERROR: [Common 17-180] Spawn failed: No error
launch_simulation
Command: launch_simulation 
INFO: [Vivado 12-12493] Simulation top is 'tb_binary_decoder_case'
WARNING: [Vivado 12-13340] Unable to auto find GCC executables from simulator install path! (path not set)
INFO: [Vivado 12-5682] Launching behavioral simulation in 'C:/binary_decoder_case/binary_decoder_case.sim/sim_1/behav/xsim'
INFO: [SIM-utils-51] Simulation object is 'sim_1'
INFO: [SIM-utils-72] Using boost library from 'C:/Xilinx/Vivado/2024.2/tps/boost_1_72_0'
INFO: [SIM-utils-54] Inspecting design source files for 'tb_binary_decoder_case' in fileset 'sim_1'...
INFO: [USF-XSim-97] Finding global include files...
INFO: [USF-XSim-98] Fetching design files from 'sim_1'...
INFO: [USF-XSim-2] XSim::Compile design
INFO: [USF-XSim-61] Executing 'COMPILE and ANALYZE' step in 'C:/binary_decoder_case/binary_decoder_case.sim/sim_1/behav/xsim'
"xvlog --incr --relax -L uvm -prj tb_binary_decoder_case_vlog.prj"
INFO: [VRFC 10-2263] Analyzing SystemVerilog file "C:/binary_decoder_case/binary_decoder_case.srcs/sources_1/new/binary_decoder_case.sv" into library xil_defaultlib
INFO: [VRFC 10-311] analyzing module binary_decoder_case
INFO: [VRFC 10-2263] Analyzing SystemVerilog file "C:/binary_decoder_case/binary_decoder_case.srcs/sim_1/new/tb_binary_decoder_case.v" into library xil_defaultlib
INFO: [VRFC 10-311] analyzing module tb_binary_decoder_case
INFO: [VRFC 10-2263] Analyzing Verilog file "C:/binary_decoder_case/binary_decoder_case.sim/sim_1/behav/xsim/glbl.v" into library xil_defaultlib
INFO: [VRFC 10-311] analyzing module glbl
INFO: [USF-XSim-69] 'compile' step finished in '3' seconds
INFO: [USF-XSim-3] XSim::Elaborate design
INFO: [USF-XSim-61] Executing 'ELABORATE' step in 'C:/binary_decoder_case/binary_decoder_case.sim/sim_1/behav/xsim'
"xelab --incr --debug typical --relax --mt 2 -L xil_defaultlib -L uvm -L unisims_ver -L unimacro_ver -L secureip --snapshot tb_binary_decoder_case_behav xil_defaultlib.tb_binary_decoder_case xil_defaultlib.glbl -log elaborate.log"
Vivado Simulator v2024.2.0
Copyright 1986-2022 Xilinx, Inc. All Rights Reserved.
Copyright 2022-2024 Advanced Micro Devices, Inc. All Rights Reserved.
Running: C:/Xilinx/Vivado/2024.2/bin/unwrapped/win64.o/xelab.exe --incr --debug typical --relax --mt 2 -L xil_defaultlib -L uvm -L unisims_ver -L unimacro_ver -L secureip --snapshot tb_binary_decoder_case_behav xil_defaultlib.tb_binary_decoder_case xil_defaultlib.glbl -log elaborate.log 
Using 2 slave threads.
Starting static elaboration
Pass Through NonSizing Optimizer
Completed static elaboration
Starting simulation data flow analysis
Completed simulation data flow analysis
Time Resolution for simulation is 1ps
Compiling module xil_defaultlib.binary_decoder_case
Compiling module xil_defaultlib.tb_binary_decoder_case
Compiling module xil_defaultlib.glbl
Built simulation snapshot tb_binary_decoder_case_behav
INFO: [USF-XSim-69] 'elaborate' step finished in '4' seconds
INFO: [USF-XSim-4] XSim::Simulate design
INFO: [USF-XSim-61] Executing 'SIMULATE' step in 'C:/binary_decoder_case/binary_decoder_case.sim/sim_1/behav/xsim'
INFO: [USF-XSim-98] *** Running xsim
   with args "tb_binary_decoder_case_behav -key {Behavioral:sim_1:Functional:tb_binary_decoder_case} -tclbatch {tb_binary_decoder_case.tcl} -log {simulate.log}"
INFO: [USF-XSim-8] Loading simulator feature
Time resolution is 1 ps
source tb_binary_decoder_case.tcl
# set curr_wave [current_wave_config]
# if { [string length $curr_wave] == 0 } {
#   if { [llength [get_objects]] > 0} {
#     add_wave /
#     set_property needs_save false [current_wave_config]
#   } else {
#      send_msg_id Add_Wave-1 WARNING "No top level signals found. Simulator will start without a wave window. If you want to open a wave window go to 'File->New Waveform Configuration' or type 'create_wave_config' in the TCL console."
#   }
# }
# run 1000ns
$finish called at time : 160 ns : File "C:/binary_decoder_case/binary_decoder_case.srcs/sim_1/new/tb_binary_decoder_case.v" Line 55
xsim: Time (s): cpu = 00:00:10 ; elapsed = 00:00:06 . Memory (MB): peak = 1204.492 ; gain = 21.363
INFO: [USF-XSim-96] XSim completed. Design snapshot 'tb_binary_decoder_case_behav' loaded.
INFO: [USF-XSim-97] XSim simulation ran for 1000ns
launch_simulation: Time (s): cpu = 00:00:11 ; elapsed = 00:00:13 . Memory (MB): peak = 1204.492 ; gain = 21.363
add_bp {C:/binary_decoder_case/binary_decoder_case.srcs/sim_1/new/tb_binary_decoder_case.v} 55
remove_bps -file {C:/binary_decoder_case/binary_decoder_case.srcs/sim_1/new/tb_binary_decoder_case.v} -line 55
WARNING: [filemgmt 56-199] Attempt to get parsing info during refresh. "On-the-fly" syntax checking information may be incorrect. [C:\binary_decoder_case\binary_decoder_case.srcs\sim_1\new\tb_binary_decoder_case.v:]
WARNING: [filemgmt 56-199] Attempt to get parsing info during refresh. "On-the-fly" syntax checking information may be incorrect. [C:\binary_decoder_case\binary_decoder_case.srcs\sources_1\new\binary_decoder_case.sv:]
WARNING: [filemgmt 56-199] Attempt to get parsing info during refresh. "On-the-fly" syntax checking information may be incorrect. [C:\binary_decoder_case\binary_decoder_case.srcs\sim_1\new\tb_binary_decoder_case.sv:]
WARNING: [filemgmt 56-199] Attempt to get parsing info during refresh. "On-the-fly" syntax checking information may be incorrect. [C:\binary_decoder_case\binary_decoder_case.srcs\sim_1\new\tb_binary_decoder_case.v:]
WARNING: [filemgmt 56-199] Attempt to get parsing info during refresh. "On-the-fly" syntax checking information may be incorrect. [C:\binary_decoder_case\binary_decoder_case.srcs\sim_1\new\tb_binary_decoder_case.v:]
ERROR: [Common 17-180] Spawn failed: No error
WARNING: [filemgmt 56-199] Attempt to get parsing info during refresh. "On-the-fly" syntax checking information may be incorrect. [C:\binary_decoder_case\binary_decoder_case.srcs\sim_1\new\tb_binary_decoder_case.v:]
WARNING: [filemgmt 56-199] Attempt to get parsing info during refresh. "On-the-fly" syntax checking information may be incorrect. [C:\binary_decoder_case\binary_decoder_case.srcs\sources_1\new\binary_decoder_case.sv:]
WARNING: [filemgmt 56-199] Attempt to get parsing info during refresh. "On-the-fly" syntax checking information may be incorrect. [C:\binary_decoder_case\binary_decoder_case.srcs\sim_1\new\tb_binary_decoder_case.sv:]
WARNING: [filemgmt 56-199] Attempt to get parsing info during refresh. "On-the-fly" syntax checking information may be incorrect. [C:\binary_decoder_case\binary_decoder_case.srcs\sim_1\new\tb_binary_decoder_case.v:]
WARNING: [filemgmt 56-199] Attempt to get parsing info during refresh. "On-the-fly" syntax checking information may be incorrect. [C:\binary_decoder_case\binary_decoder_case.srcs\sim_1\new\tb_binary_decoder_case.v:]
ERROR: [Common 17-180] Spawn failed: No error
WARNING: [filemgmt 56-199] Attempt to get parsing info during refresh. "On-the-fly" syntax checking information may be incorrect. [C:\binary_decoder_case\binary_decoder_case.srcs\sim_1\new\tb_binary_decoder_case.v:]
WARNING: [filemgmt 56-199] Attempt to get parsing info during refresh. "On-the-fly" syntax checking information may be incorrect. [C:\binary_decoder_case\binary_decoder_case.srcs\sources_1\new\binary_decoder_case.sv:]
WARNING: [filemgmt 56-199] Attempt to get parsing info during refresh. "On-the-fly" syntax checking information may be incorrect. [C:\binary_decoder_case\binary_decoder_case.srcs\sim_1\new\tb_binary_decoder_case.sv:]
WARNING: [filemgmt 56-199] Attempt to get parsing info during refresh. "On-the-fly" syntax checking information may be incorrect. [C:\binary_decoder_case\binary_decoder_case.srcs\sim_1\new\tb_binary_decoder_case.v:]
WARNING: [filemgmt 56-199] Attempt to get parsing info during refresh. "On-the-fly" syntax checking information may be incorrect. [C:\binary_decoder_case\binary_decoder_case.srcs\sim_1\new\tb_binary_decoder_case.v:]
ERROR: [Common 17-180] Spawn failed: No error
close_sim
INFO: [Simtcl 6-16] Simulation closed
launch_simulation
Command: launch_simulation 
INFO: [Vivado 12-12493] Simulation top is 'tb_binary_decoder_case'
WARNING: [Vivado 12-13340] Unable to auto find GCC executables from simulator install path! (path not set)
INFO: [Vivado 12-5682] Launching behavioral simulation in 'C:/binary_decoder_case/binary_decoder_case.sim/sim_1/behav/xsim'
INFO: [SIM-utils-51] Simulation object is 'sim_1'
INFO: [SIM-utils-72] Using boost library from 'C:/Xilinx/Vivado/2024.2/tps/boost_1_72_0'
INFO: [SIM-utils-54] Inspecting design source files for 'tb_binary_decoder_case' in fileset 'sim_1'...
INFO: [USF-XSim-97] Finding global include files...
INFO: [USF-XSim-98] Fetching design files from 'sim_1'...
INFO: [USF-XSim-2] XSim::Compile design
INFO: [USF-XSim-61] Executing 'COMPILE and ANALYZE' step in 'C:/binary_decoder_case/binary_decoder_case.sim/sim_1/behav/xsim'
"xvlog --incr --relax -L uvm -prj tb_binary_decoder_case_vlog.prj"
INFO: [VRFC 10-2263] Analyzing SystemVerilog file "C:/binary_decoder_case/binary_decoder_case.srcs/sources_1/new/binary_decoder_case.sv" into library xil_defaultlib
INFO: [VRFC 10-311] analyzing module binary_decoder_case
INFO: [VRFC 10-2263] Analyzing SystemVerilog file "C:/binary_decoder_case/binary_decoder_case.srcs/sim_1/new/tb_binary_decoder_case.v" into library xil_defaultlib
INFO: [VRFC 10-311] analyzing module tb_binary_decoder_case
INFO: [USF-XSim-69] 'compile' step finished in '3' seconds
INFO: [USF-XSim-3] XSim::Elaborate design
INFO: [USF-XSim-61] Executing 'ELABORATE' step in 'C:/binary_decoder_case/binary_decoder_case.sim/sim_1/behav/xsim'
"xelab --incr --debug typical --relax --mt 2 -L xil_defaultlib -L uvm -L unisims_ver -L unimacro_ver -L secureip --snapshot tb_binary_decoder_case_behav xil_defaultlib.tb_binary_decoder_case xil_defaultlib.glbl -log elaborate.log"
Vivado Simulator v2024.2.0
Copyright 1986-2022 Xilinx, Inc. All Rights Reserved.
Copyright 2022-2024 Advanced Micro Devices, Inc. All Rights Reserved.
Running: C:/Xilinx/Vivado/2024.2/bin/unwrapped/win64.o/xelab.exe --incr --debug typical --relax --mt 2 -L xil_defaultlib -L uvm -L unisims_ver -L unimacro_ver -L secureip --snapshot tb_binary_decoder_case_behav xil_defaultlib.tb_binary_decoder_case xil_defaultlib.glbl -log elaborate.log 
Using 2 slave threads.
Starting static elaboration
Pass Through NonSizing Optimizer
Completed static elaboration
Starting simulation data flow analysis
Completed simulation data flow analysis
Time Resolution for simulation is 1ps
Compiling module xil_defaultlib.binary_decoder_case
Compiling module xil_defaultlib.tb_binary_decoder_case
Compiling module xil_defaultlib.glbl
Built simulation snapshot tb_binary_decoder_case_behav
INFO: [USF-XSim-69] 'elaborate' step finished in '4' seconds
INFO: [USF-XSim-4] XSim::Simulate design
INFO: [USF-XSim-61] Executing 'SIMULATE' step in 'C:/binary_decoder_case/binary_decoder_case.sim/sim_1/behav/xsim'
INFO: [USF-XSim-98] *** Running xsim
   with args "tb_binary_decoder_case_behav -key {Behavioral:sim_1:Functional:tb_binary_decoder_case} -tclbatch {tb_binary_decoder_case.tcl} -log {simulate.log}"
INFO: [USF-XSim-8] Loading simulator feature
Time resolution is 1 ps
source tb_binary_decoder_case.tcl
# set curr_wave [current_wave_config]
# if { [string length $curr_wave] == 0 } {
#   if { [llength [get_objects]] > 0} {
#     add_wave /
#     set_property needs_save false [current_wave_config]
#   } else {
#      send_msg_id Add_Wave-1 WARNING "No top level signals found. Simulator will start without a wave window. If you want to open a wave window go to 'File->New Waveform Configuration' or type 'create_wave_config' in the TCL console."
#   }
# }
# run 1000ns
$stop called at time : 160 ns : File "C:/binary_decoder_case/binary_decoder_case.srcs/sim_1/new/tb_binary_decoder_case.v" Line 52
INFO: [USF-XSim-96] XSim completed. Design snapshot 'tb_binary_decoder_case_behav' loaded.
INFO: [USF-XSim-97] XSim simulation ran for 1000ns
launch_simulation: Time (s): cpu = 00:00:07 ; elapsed = 00:00:11 . Memory (MB): peak = 2245.621 ; gain = 0.000
save_wave_config {C:/binary_decoder_case/tb_binary_decoder_case_behav.wcfg}
add_files -fileset sim_1 -norecurse C:/binary_decoder_case/tb_binary_decoder_case_behav.wcfg
set_property xsim.view C:/binary_decoder_case/tb_binary_decoder_case_behav.wcfg [get_filesets sim_1]
WARNING: [filemgmt 56-199] Attempt to get parsing info during refresh. "On-the-fly" syntax checking information may be incorrect. [C:\binary_decoder_case\binary_decoder_case.srcs\sim_1\new\tb_binary_decoder_case.v:]
WARNING: [filemgmt 56-199] Attempt to get parsing info during refresh. "On-the-fly" syntax checking information may be incorrect. [C:\binary_decoder_case\binary_decoder_case.srcs\sources_1\new\binary_decoder_case.sv:]
WARNING: [filemgmt 56-199] Attempt to get parsing info during refresh. "On-the-fly" syntax checking information may be incorrect. [C:\binary_decoder_case\binary_decoder_case.srcs\sim_1\new\tb_binary_decoder_case.sv:]
WARNING: [filemgmt 56-199] Attempt to get parsing info during refresh. "On-the-fly" syntax checking information may be incorrect. [C:\binary_decoder_case\binary_decoder_case.srcs\sim_1\new\tb_binary_decoder_case.v:]
WARNING: [filemgmt 56-199] Attempt to get parsing info during refresh. "On-the-fly" syntax checking information may be incorrect. [C:\binary_decoder_case\binary_decoder_case.srcs\sim_1\new\tb_binary_decoder_case.v:]
ERROR: [Common 17-180] Spawn failed: No error
close_sim
INFO: [Simtcl 6-16] Simulation closed
close_project
create_project priority_encoder_if C:/priority_encoder_if/priority_encoder_if -part xc7a35tcpg236-1
INFO: [IP_Flow 19-234] Refreshing IP repositories
INFO: [IP_Flow 19-1704] No user IP repositories specified
INFO: [IP_Flow 19-2313] Loaded Vivado IP repository 'C:/Xilinx/Vivado/2024.2/data/ip'.
file mkdir C:/priority_encoder_if/priority_encoder_if/priority_encoder_if.srcs/sources_1/new
set_property simulator_language Verilog [current_project]
close [ open C:/priority_encoder_if/priority_encoder_if/priority_encoder_if.srcs/sources_1/new/priority_encoder_if.sv w ]
add_files C:/priority_encoder_if/priority_encoder_if/priority_encoder_if.srcs/sources_1/new/priority_encoder_if.sv
import_files -fileset constrs_1 -force -norecurse C:/Users/briya/OneDrive/Documentos/9no/DSD/Basys-3-Master.xdc
update_compile_order -fileset sources_1
file mkdir C:/priority_encoder_if/priority_encoder_if/priority_encoder_if.srcs/sim_1/new
set_property SOURCE_SET sources_1 [get_filesets sim_1]
close [ open C:/priority_encoder_if/priority_encoder_if/priority_encoder_if.srcs/sim_1/new/tb_priority_encoder_if.vh w ]
add_files -fileset sim_1 C:/priority_encoder_if/priority_encoder_if/priority_encoder_if.srcs/sim_1/new/tb_priority_encoder_if.vh
update_compile_order -fileset sim_1
set_property SOURCE_SET sources_1 [get_filesets sim_1]
close [ open C:/priority_encoder_if/priority_encoder_if/priority_encoder_if.srcs/sim_1/new/tb_priority_encoder_if.sv w ]
add_files -fileset sim_1 C:/priority_encoder_if/priority_encoder_if/priority_encoder_if.srcs/sim_1/new/tb_priority_encoder_if.sv
update_compile_order -fileset sim_1
WARNING: [filemgmt 56-199] Attempt to get parsing info during refresh. "On-the-fly" syntax checking information may be incorrect. [C:\priority_encoder_if\priority_encoder_if\priority_encoder_if.srcs\sources_1\new\priority_encoder_if.sv:]
WARNING: [filemgmt 56-199] Attempt to get parsing info during refresh. "On-the-fly" syntax checking information may be incorrect. [C:\priority_encoder_if\priority_encoder_if\priority_encoder_if.srcs\sim_1\new\tb_priority_encoder_if.sv:]
WARNING: [filemgmt 56-199] Attempt to get parsing info during refresh. "On-the-fly" syntax checking information may be incorrect. [C:\priority_encoder_if\priority_encoder_if\priority_encoder_if.srcs\sim_1\new\tb_priority_encoder_if.sv:]
WARNING: [filemgmt 56-199] Attempt to get parsing info during refresh. "On-the-fly" syntax checking information may be incorrect. [C:\priority_encoder_if\priority_encoder_if\priority_encoder_if.srcs\sim_1\new\tb_priority_encoder_if.sv:]
ERROR: [Common 17-180] Spawn failed: No error
WARNING: [filemgmt 56-199] Attempt to get parsing info during refresh. "On-the-fly" syntax checking information may be incorrect. [C:\priority_encoder_if\priority_encoder_if\priority_encoder_if.srcs\sources_1\new\priority_encoder_if.sv:]
WARNING: [filemgmt 56-199] Attempt to get parsing info during refresh. "On-the-fly" syntax checking information may be incorrect. [C:\priority_encoder_if\priority_encoder_if\priority_encoder_if.srcs\sim_1\new\tb_priority_encoder_if.sv:]
WARNING: [filemgmt 56-199] Attempt to get parsing info during refresh. "On-the-fly" syntax checking information may be incorrect. [C:\priority_encoder_if\priority_encoder_if\priority_encoder_if.srcs\sim_1\new\tb_priority_encoder_if.sv:]
WARNING: [filemgmt 56-199] Attempt to get parsing info during refresh. "On-the-fly" syntax checking information may be incorrect. [C:\priority_encoder_if\priority_encoder_if\priority_encoder_if.srcs\sim_1\new\tb_priority_encoder_if.sv:]
ERROR: [Common 17-180] Spawn failed: No error
update_compile_order -fileset sim_1
WARNING: [filemgmt 56-199] Attempt to get parsing info during refresh. "On-the-fly" syntax checking information may be incorrect. [C:\priority_encoder_if\priority_encoder_if\priority_encoder_if.srcs\sources_1\new\priority_encoder_if.sv:]
WARNING: [filemgmt 56-199] Attempt to get parsing info during refresh. "On-the-fly" syntax checking information may be incorrect. [C:\priority_encoder_if\priority_encoder_if\priority_encoder_if.srcs\sim_1\new\tb_priority_encoder_if.sv:]
WARNING: [filemgmt 56-199] Attempt to get parsing info during refresh. "On-the-fly" syntax checking information may be incorrect. [C:\priority_encoder_if\priority_encoder_if\priority_encoder_if.srcs\sim_1\new\tb_priority_encoder_if.sv:]
WARNING: [filemgmt 56-199] Attempt to get parsing info during refresh. "On-the-fly" syntax checking information may be incorrect. [C:\priority_encoder_if\priority_encoder_if\priority_encoder_if.srcs\sim_1\new\tb_priority_encoder_if.sv:]
ERROR: [Common 17-180] Spawn failed: No error
launch_simulation
Command: launch_simulation 
INFO: [Vivado 12-12493] Simulation top is 'tb_priority_encoder_if'
WARNING: [Vivado 12-13340] Unable to auto find GCC executables from simulator install path! (path not set)
INFO: [Vivado 12-5682] Launching behavioral simulation in 'C:/priority_encoder_if/priority_encoder_if/priority_encoder_if.sim/sim_1/behav/xsim'
INFO: [SIM-utils-51] Simulation object is 'sim_1'
INFO: [SIM-utils-72] Using boost library from 'C:/Xilinx/Vivado/2024.2/tps/boost_1_72_0'
INFO: [SIM-utils-54] Inspecting design source files for 'tb_priority_encoder_if' in fileset 'sim_1'...
INFO: [USF-XSim-97] Finding global include files...
INFO: [USF-XSim-98] Fetching design files from 'sim_1'...
INFO: [USF-XSim-2] XSim::Compile design
INFO: [USF-XSim-61] Executing 'COMPILE and ANALYZE' step in 'C:/priority_encoder_if/priority_encoder_if/priority_encoder_if.sim/sim_1/behav/xsim'
"xvlog --incr --relax -L uvm -prj tb_priority_encoder_if_vlog.prj"
INFO: [VRFC 10-2263] Analyzing SystemVerilog file "C:/priority_encoder_if/priority_encoder_if/priority_encoder_if.srcs/sim_1/new/tb_priority_encoder_if.sv" into library xil_defaultlib
INFO: [VRFC 10-311] analyzing module tb_priority_encoder_if
INFO: [VRFC 10-2263] Analyzing Verilog file "C:/priority_encoder_if/priority_encoder_if/priority_encoder_if.sim/sim_1/behav/xsim/glbl.v" into library xil_defaultlib
INFO: [VRFC 10-311] analyzing module glbl
INFO: [USF-XSim-69] 'compile' step finished in '3' seconds
INFO: [USF-XSim-3] XSim::Elaborate design
INFO: [USF-XSim-61] Executing 'ELABORATE' step in 'C:/priority_encoder_if/priority_encoder_if/priority_encoder_if.sim/sim_1/behav/xsim'
"xelab --incr --debug typical --relax --mt 2 -L xil_defaultlib -L uvm -L unisims_ver -L unimacro_ver -L secureip --snapshot tb_priority_encoder_if_behav xil_defaultlib.tb_priority_encoder_if xil_defaultlib.glbl -log elaborate.log"
Vivado Simulator v2024.2.0
Copyright 1986-2022 Xilinx, Inc. All Rights Reserved.
Copyright 2022-2024 Advanced Micro Devices, Inc. All Rights Reserved.
Running: C:/Xilinx/Vivado/2024.2/bin/unwrapped/win64.o/xelab.exe --incr --debug typical --relax --mt 2 -L xil_defaultlib -L uvm -L unisims_ver -L unimacro_ver -L secureip --snapshot tb_priority_encoder_if_behav xil_defaultlib.tb_priority_encoder_if xil_defaultlib.glbl -log elaborate.log 
Using 2 slave threads.
Starting static elaboration
Pass Through NonSizing Optimizer
ERROR: [VRFC 10-2063] Module <priority_encoder> not found while processing module instance <test> [C:/priority_encoder_if/priority_encoder_if/priority_encoder_if.srcs/sim_1/new/tb_priority_encoder_if.sv:28]
ERROR: [XSIM 43-3322] Static elaboration of top level Verilog design unit(s) in library work failed.
INFO: [USF-XSim-69] 'elaborate' step finished in '4' seconds
INFO: [USF-XSim-99] Step results log file:'C:/priority_encoder_if/priority_encoder_if/priority_encoder_if.sim/sim_1/behav/xsim/elaborate.log'
ERROR: [USF-XSim-62] 'elaborate' step failed with error(s). Please check the Tcl console output or 'C:/priority_encoder_if/priority_encoder_if/priority_encoder_if.sim/sim_1/behav/xsim/elaborate.log' file for more information.
ERROR: [Vivado 12-4473] Detected error while running simulation. Please correct the issue and retry this operation.
launch_simulation: Time (s): cpu = 00:00:01 ; elapsed = 00:00:07 . Memory (MB): peak = 2257.633 ; gain = 0.000
ERROR: [Common 17-39] 'launch_simulation' failed due to earlier errors.
WARNING: [filemgmt 56-199] Attempt to get parsing info during refresh. "On-the-fly" syntax checking information may be incorrect. [C:\priority_encoder_if\priority_encoder_if\priority_encoder_if.srcs\sources_1\new\priority_encoder_if.sv:]
WARNING: [filemgmt 56-199] Attempt to get parsing info during refresh. "On-the-fly" syntax checking information may be incorrect. [C:\priority_encoder_if\priority_encoder_if\priority_encoder_if.srcs\sim_1\new\tb_priority_encoder_if.sv:]
WARNING: [filemgmt 56-199] Attempt to get parsing info during refresh. "On-the-fly" syntax checking information may be incorrect. [C:\priority_encoder_if\priority_encoder_if\priority_encoder_if.srcs\sources_1\new\priority_encoder_if.sv:]
WARNING: [filemgmt 56-199] Attempt to get parsing info during refresh. "On-the-fly" syntax checking information may be incorrect. [C:\priority_encoder_if\priority_encoder_if\priority_encoder_if.srcs\sources_1\new\priority_encoder_if.sv:]
launch_simulation
Command: launch_simulation 
INFO: [Vivado 12-12493] Simulation top is 'tb_priority_encoder_if'
WARNING: [Vivado 12-13340] Unable to auto find GCC executables from simulator install path! (path not set)
INFO: [Vivado 12-5682] Launching behavioral simulation in 'C:/priority_encoder_if/priority_encoder_if/priority_encoder_if.sim/sim_1/behav/xsim'
INFO: [SIM-utils-51] Simulation object is 'sim_1'
INFO: [SIM-utils-72] Using boost library from 'C:/Xilinx/Vivado/2024.2/tps/boost_1_72_0'
INFO: [SIM-utils-54] Inspecting design source files for 'tb_priority_encoder_if' in fileset 'sim_1'...
INFO: [USF-XSim-97] Finding global include files...
INFO: [USF-XSim-98] Fetching design files from 'sim_1'...
INFO: [USF-XSim-2] XSim::Compile design
INFO: [USF-XSim-61] Executing 'COMPILE and ANALYZE' step in 'C:/priority_encoder_if/priority_encoder_if/priority_encoder_if.sim/sim_1/behav/xsim'
"xvlog --incr --relax -L uvm -prj tb_priority_encoder_if_vlog.prj"
INFO: [VRFC 10-2263] Analyzing SystemVerilog file "C:/priority_encoder_if/priority_encoder_if/priority_encoder_if.srcs/sources_1/new/priority_encoder_if.sv" into library xil_defaultlib
INFO: [VRFC 10-311] analyzing module priority_encoder_if
INFO: [VRFC 10-2263] Analyzing SystemVerilog file "C:/priority_encoder_if/priority_encoder_if/priority_encoder_if.srcs/sim_1/new/tb_priority_encoder_if.sv" into library xil_defaultlib
INFO: [VRFC 10-311] analyzing module tb_priority_encoder_if
INFO: [USF-XSim-69] 'compile' step finished in '4' seconds
INFO: [USF-XSim-3] XSim::Elaborate design
INFO: [USF-XSim-61] Executing 'ELABORATE' step in 'C:/priority_encoder_if/priority_encoder_if/priority_encoder_if.sim/sim_1/behav/xsim'
"xelab --incr --debug typical --relax --mt 2 -L xil_defaultlib -L uvm -L unisims_ver -L unimacro_ver -L secureip --snapshot tb_priority_encoder_if_behav xil_defaultlib.tb_priority_encoder_if xil_defaultlib.glbl -log elaborate.log"
Vivado Simulator v2024.2.0
Copyright 1986-2022 Xilinx, Inc. All Rights Reserved.
Copyright 2022-2024 Advanced Micro Devices, Inc. All Rights Reserved.
Running: C:/Xilinx/Vivado/2024.2/bin/unwrapped/win64.o/xelab.exe --incr --debug typical --relax --mt 2 -L xil_defaultlib -L uvm -L unisims_ver -L unimacro_ver -L secureip --snapshot tb_priority_encoder_if_behav xil_defaultlib.tb_priority_encoder_if xil_defaultlib.glbl -log elaborate.log 
Using 2 slave threads.
Starting static elaboration
Pass Through NonSizing Optimizer
Completed static elaboration
Starting simulation data flow analysis
Completed simulation data flow analysis
Time Resolution for simulation is 1ps
Compiling module xil_defaultlib.priority_encoder_if
Compiling module xil_defaultlib.tb_priority_encoder_if
Compiling module xil_defaultlib.glbl
Built simulation snapshot tb_priority_encoder_if_behav
INFO: [USF-XSim-69] 'elaborate' step finished in '4' seconds
INFO: [USF-XSim-4] XSim::Simulate design
INFO: [USF-XSim-61] Executing 'SIMULATE' step in 'C:/priority_encoder_if/priority_encoder_if/priority_encoder_if.sim/sim_1/behav/xsim'
INFO: [USF-XSim-98] *** Running xsim
   with args "tb_priority_encoder_if_behav -key {Behavioral:sim_1:Functional:tb_priority_encoder_if} -tclbatch {tb_priority_encoder_if.tcl} -log {simulate.log}"
INFO: [USF-XSim-8] Loading simulator feature
Time resolution is 1 ps
source tb_priority_encoder_if.tcl
# set curr_wave [current_wave_config]
# if { [string length $curr_wave] == 0 } {
#   if { [llength [get_objects]] > 0} {
#     add_wave /
#     set_property needs_save false [current_wave_config]
#   } else {
#      send_msg_id Add_Wave-1 WARNING "No top level signals found. Simulator will start without a wave window. If you want to open a wave window go to 'File->New Waveform Configuration' or type 'create_wave_config' in the TCL console."
#   }
# }
# run 1000ns
Tiempo = 0 | p_in = 0000 | p_code = 000
Tiempo = 10000 | p_in = 0010 | p_code = 010
Tiempo = 20000 | p_in = 0011 | p_code = 010
Tiempo = 30000 | p_in = 0100 | p_code = 011
Tiempo = 40000 | p_in = 0101 | p_code = 011
Tiempo = 50000 | p_in = 1000 | p_code = 100
Tiempo = 60000 | p_in = 1111 | p_code = 100
$stop called at time : 70 ns : File "C:/priority_encoder_if/priority_encoder_if/priority_encoder_if.srcs/sim_1/new/tb_priority_encoder_if.sv" Line 53
INFO: [USF-XSim-96] XSim completed. Design snapshot 'tb_priority_encoder_if_behav' loaded.
INFO: [USF-XSim-97] XSim simulation ran for 1000ns
launch_simulation: Time (s): cpu = 00:00:08 ; elapsed = 00:00:12 . Memory (MB): peak = 2257.633 ; gain = 0.000
save_wave_config {C:/priority_encoder_if/priority_encoder_if/tb_priority_encoder_if_behav.wcfg}
add_files -fileset sim_1 -norecurse C:/priority_encoder_if/priority_encoder_if/tb_priority_encoder_if_behav.wcfg
set_property xsim.view C:/priority_encoder_if/priority_encoder_if/tb_priority_encoder_if_behav.wcfg [get_filesets sim_1]
WARNING: [filemgmt 56-199] Attempt to get parsing info during refresh. "On-the-fly" syntax checking information may be incorrect. [C:\priority_encoder_if\priority_encoder_if\priority_encoder_if.srcs\sources_1\new\priority_encoder_if.sv:]
WARNING: [filemgmt 56-199] Attempt to get parsing info during refresh. "On-the-fly" syntax checking information may be incorrect. [C:\priority_encoder_if\priority_encoder_if\priority_encoder_if.srcs\sim_1\new\tb_priority_encoder_if.sv:]
WARNING: [filemgmt 56-199] Attempt to get parsing info during refresh. "On-the-fly" syntax checking information may be incorrect. [C:\priority_encoder_if\priority_encoder_if\priority_encoder_if.srcs\sources_1\new\priority_encoder_if.sv:]
WARNING: [filemgmt 56-199] Attempt to get parsing info during refresh. "On-the-fly" syntax checking information may be incorrect. [C:\priority_encoder_if\priority_encoder_if\priority_encoder_if.srcs\sources_1\new\priority_encoder_if.sv:]
ERROR: [Common 17-180] Spawn failed: No error
save_wave_config {C:/priority_encoder_if/priority_encoder_if/tb_priority_encoder_if_behav.wcfg}
WARNING: [filemgmt 56-199] Attempt to get parsing info during refresh. "On-the-fly" syntax checking information may be incorrect. [C:\priority_encoder_if\priority_encoder_if\priority_encoder_if.srcs\sources_1\new\priority_encoder_if.sv:]
WARNING: [filemgmt 56-199] Attempt to get parsing info during refresh. "On-the-fly" syntax checking information may be incorrect. [C:\priority_encoder_if\priority_encoder_if\priority_encoder_if.srcs\sim_1\new\tb_priority_encoder_if.sv:]
WARNING: [filemgmt 56-199] Attempt to get parsing info during refresh. "On-the-fly" syntax checking information may be incorrect. [C:\priority_encoder_if\priority_encoder_if\priority_encoder_if.srcs\sim_1\new\tb_priority_encoder_if.sv:]
WARNING: [filemgmt 56-199] Attempt to get parsing info during refresh. "On-the-fly" syntax checking information may be incorrect. [C:\priority_encoder_if\priority_encoder_if\priority_encoder_if.srcs\sim_1\new\tb_priority_encoder_if.sv:]
ERROR: [Common 17-180] Spawn failed: No error
close_sim
INFO: [Simtcl 6-16] Simulation closed
exit
INFO: [Common 17-206] Exiting Vivado at Tue Sep  8 18:48:35 2026...
