
*** Running vivado
    with args -log bit_manipulation.vds -m64 -product Vivado -mode batch -messageDb vivado.pb -notrace -source bit_manipulation.tcl


INFO: [Common 17-3922] A valid Vivado Design Suite ENTERPRISE license has been detected. Your current license is active and will expire on 23-oct-2026.
#-----------------------------------------------------------
# Vivado v2026.1 (64-bit)
# SW Build 6511674 on Tue Jun 16 11:02:23 MDT 2026
# IP Build 6504888 on Tue Jun 09 09:05:25 MDT 2026
# SharedData Build 6501428 on Mon Jun 08 17:34:18 MDT 2026
# Start of session at: Sun Sep 20 19:40:03 2026
# Process ID         : 19752
# Current directory  : C:/Users/luish/OneDrive/Desktop/bit_manipulation/bit_manipulation.runs/synth_1
# Command line       : vivado.exe -log bit_manipulation.vds -product Vivado -mode batch -messageDb vivado.pb -notrace -source bit_manipulation.tcl
# Log file           : C:/Users/luish/OneDrive/Desktop/bit_manipulation/bit_manipulation.runs/synth_1/bit_manipulation.vds
# Journal file       : C:/Users/luish/OneDrive/Desktop/bit_manipulation/bit_manipulation.runs/synth_1\vivado.jou
# Running On         : LUIS_PC
# Platform           : Windows 11
# Operating System   : 26200
# Processor Detail   : Intel(R) Core(TM) i7-8650U CPU @ 1.90GHz
# CPU Frequency      : 2112 MHz
# CPU Physical cores : 4
# CPU Logical cores  : 8
# Host memory        : 17031 MB
# Swap memory        : 1073 MB
# Total Virtual      : 18105 MB
# Available Virtual  : 7576 MB
#-----------------------------------------------------------

****** Vivado v2026.1 (64-bit)
  **** SW Build 6511674 on Tue Jun 16 11:02:23 MDT 2026
  **** IP Build 6504888 on Tue Jun 09 09:05:25 MDT 2026
  **** SharedData Build 6501428 on Mon Jun 08 17:34:18 MDT 2026
  **** Start of session at: Sun Sep 20 19:40:03 2026
    ** Copyright 1986-2022 Xilinx, Inc. All Rights Reserved.
    ** Copyright 2022-2026 Advanced Micro Devices, Inc. All Rights Reserved.

source bit_manipulation.tcl -notrace
create_project: Time (s): cpu = 00:00:21 ; elapsed = 00:00:17 . Memory (MB): peak = 584.113 ; gain = 267.805
Command: read_checkpoint -auto_incremental -incremental C:/Users/luish/OneDrive/Desktop/bit_manipulation/bit_manipulation.srcs/utils_1/imports/synth_1/bit_manipulation.dcp
INFO: [Vivado 12-5825] Read reference checkpoint from C:/Users/luish/OneDrive/Desktop/bit_manipulation/bit_manipulation.srcs/utils_1/imports/synth_1/bit_manipulation.dcp for incremental synthesis
INFO: [Vivado 12-7989] Please ensure there are no constraint changes
Command: synth_design -top bit_manipulation -part xc7a200tfbg676-2
Starting synth_design
Attempting to get a license for feature 'Synthesis' and/or device 'xc7a200t'
INFO: [Common 17-349] Got license for feature 'Synthesis' and/or device 'xc7a200t'
INFO: [Common 17-86] Your Synthesis license expires in 3 day(s)
INFO: [Device 21-403] Loading part xc7a200tfbg676-2
INFO: [Designutils 20-5008] Incremental synthesis strategy default
INFO: [Designutils 20-5440] No compile time benefit to using incremental synthesis; A full resynthesis will be run
INFO: [Designutils 20-4379] Flow is switching to default flow due to incremental criteria not met. If you would like to alter this behaviour and have the flow terminate instead, please set the following parameter config_implementation {autoIncr.Synth.RejectBehavior Terminate}
INFO: [Synth 8-7079] Multithreading enabled for synth_design using a maximum of 2 processes.
INFO: [Synth 8-7078] Launching helper process for spawning children vivado processes
INFO: [Synth 8-7075] Helper process launched with PID 7556
---------------------------------------------------------------------------------
Starting RTL Elaboration : Time (s): cpu = 00:00:14 ; elapsed = 00:00:15 . Memory (MB): peak = 1395.109 ; gain = 578.129
---------------------------------------------------------------------------------
INFO: [Synth 8-6157] synthesizing module 'bit_manipulation' [C:/Users/luish/OneDrive/Desktop/bit_manipulation/bit_manipulation.srcs/sources_1/new/bit_manipulation.sv:1]
INFO: [Synth 8-6155] done synthesizing module 'bit_manipulation' (0#1) [C:/Users/luish/OneDrive/Desktop/bit_manipulation/bit_manipulation.srcs/sources_1/new/bit_manipulation.sv:1]
WARNING: [Synth 8-3330] design bit_manipulation has an empty top module
WARNING: [Synth 8-3917] design bit_manipulation has port shift_left[7] driven by constant 0
WARNING: [Synth 8-3917] design bit_manipulation has port shift_left[6] driven by constant 0
WARNING: [Synth 8-3917] design bit_manipulation has port shift_left[5] driven by constant 0
---------------------------------------------------------------------------------
Finished RTL Elaboration : Time (s): cpu = 00:00:18 ; elapsed = 00:00:20 . Memory (MB): peak = 1513.625 ; gain = 696.645
---------------------------------------------------------------------------------
---------------------------------------------------------------------------------
Start Handling Custom Attributes
---------------------------------------------------------------------------------
---------------------------------------------------------------------------------
Finished Handling Custom Attributes : Time (s): cpu = 00:00:18 ; elapsed = 00:00:21 . Memory (MB): peak = 1513.625 ; gain = 696.645
---------------------------------------------------------------------------------
---------------------------------------------------------------------------------
Finished RTL Optimization Phase 1 : Time (s): cpu = 00:00:18 ; elapsed = 00:00:21 . Memory (MB): peak = 1513.625 ; gain = 696.645
---------------------------------------------------------------------------------
Netlist sorting complete. Time (s): cpu = 00:00:00 ; elapsed = 00:00:00.001 . Memory (MB): peak = 1513.625 ; gain = 0.000
INFO: [Project 1-570] Preparing netlist for logic optimization

Processing XDC Constraints
Initializing timing engine
Parsing XDC File [C:/Users/luish/OneDrive/Desktop/bit_manipulation/bit_manipulation.srcs/constrs_1/imports/Proyectos Vivado/Basys-3-Master.xdc]
Finished Parsing XDC File [C:/Users/luish/OneDrive/Desktop/bit_manipulation/bit_manipulation.srcs/constrs_1/imports/Proyectos Vivado/Basys-3-Master.xdc]
Completed Processing XDC Constraints

Netlist sorting complete. Time (s): cpu = 00:00:00 ; elapsed = 00:00:00 . Memory (MB): peak = 1513.625 ; gain = 0.000
INFO: [Project 1-111] Unisim Transformation Summary:
No Unisim elements were transformed.

Constraint Validation Runtime : Time (s): cpu = 00:00:00 ; elapsed = 00:00:00.011 . Memory (MB): peak = 1513.625 ; gain = 0.000
INFO: [Designutils 20-5440] No compile time benefit to using incremental synthesis; A full resynthesis will be run
INFO: [Designutils 20-4379] Flow is switching to default flow due to incremental criteria not met. If you would like to alter this behaviour and have the flow terminate instead, please set the following parameter config_implementation {autoIncr.Synth.RejectBehavior Terminate}
---------------------------------------------------------------------------------
Finished Constraint Validation : Time (s): cpu = 00:00:43 ; elapsed = 00:00:47 . Memory (MB): peak = 1513.625 ; gain = 696.645
---------------------------------------------------------------------------------
---------------------------------------------------------------------------------
Start Loading Part and Timing Information
---------------------------------------------------------------------------------
Loading part: xc7a200tfbg676-2
---------------------------------------------------------------------------------
Finished Loading Part and Timing Information : Time (s): cpu = 00:00:43 ; elapsed = 00:00:47 . Memory (MB): peak = 1513.625 ; gain = 696.645
---------------------------------------------------------------------------------
---------------------------------------------------------------------------------
Start Applying 'set_property' XDC Constraints
---------------------------------------------------------------------------------
---------------------------------------------------------------------------------
Finished applying 'set_property' XDC Constraints : Time (s): cpu = 00:00:43 ; elapsed = 00:00:47 . Memory (MB): peak = 1513.625 ; gain = 696.645
---------------------------------------------------------------------------------
---------------------------------------------------------------------------------
Finished RTL Optimization Phase 2 : Time (s): cpu = 00:00:43 ; elapsed = 00:00:47 . Memory (MB): peak = 1513.625 ; gain = 696.645
---------------------------------------------------------------------------------
---------------------------------------------------------------------------------
Start RTL Component Statistics 
---------------------------------------------------------------------------------
Detailed RTL Component Info : 
---------------------------------------------------------------------------------
Finished RTL Component Statistics 
---------------------------------------------------------------------------------
---------------------------------------------------------------------------------
Start Part Resource Summary
---------------------------------------------------------------------------------
Part Resources:
DSPs: 740 (col length:100)
BRAMs: 730 (col length: RAMB18 100 RAMB36 50)
---------------------------------------------------------------------------------
Finished Part Resource Summary
---------------------------------------------------------------------------------
---------------------------------------------------------------------------------
Start Cross Boundary and Area Optimization
---------------------------------------------------------------------------------
WARNING: [Synth 8-3330] design bit_manipulation has an empty top module
WARNING: [Synth 8-3917] design bit_manipulation has port shift_left[7] driven by constant 0
WARNING: [Synth 8-3917] design bit_manipulation has port shift_left[6] driven by constant 0
WARNING: [Synth 8-3917] design bit_manipulation has port shift_left[5] driven by constant 0
---------------------------------------------------------------------------------
Finished Cross Boundary and Area Optimization : Time (s): cpu = 00:00:50 ; elapsed = 00:00:55 . Memory (MB): peak = 1548.512 ; gain = 731.531
---------------------------------------------------------------------------------
---------------------------------------------------------------------------------
Start Applying XDC Timing Constraints
---------------------------------------------------------------------------------
---------------------------------------------------------------------------------
Finished Applying XDC Timing Constraints : Time (s): cpu = 00:01:07 ; elapsed = 00:01:12 . Memory (MB): peak = 1720.531 ; gain = 903.551
---------------------------------------------------------------------------------
---------------------------------------------------------------------------------
Start Timing Optimization
---------------------------------------------------------------------------------
---------------------------------------------------------------------------------
Finished Timing Optimization : Time (s): cpu = 00:01:07 ; elapsed = 00:01:12 . Memory (MB): peak = 1720.660 ; gain = 903.680
---------------------------------------------------------------------------------
---------------------------------------------------------------------------------
Start Technology Mapping
---------------------------------------------------------------------------------
---------------------------------------------------------------------------------
Finished Technology Mapping : Time (s): cpu = 00:01:07 ; elapsed = 00:01:12 . Memory (MB): peak = 1730.379 ; gain = 913.398
---------------------------------------------------------------------------------
---------------------------------------------------------------------------------
Start IO Insertion
---------------------------------------------------------------------------------
---------------------------------------------------------------------------------
Start Flattening Before IO Insertion
---------------------------------------------------------------------------------
---------------------------------------------------------------------------------
Finished Flattening Before IO Insertion
---------------------------------------------------------------------------------
---------------------------------------------------------------------------------
Start Final Netlist Cleanup
---------------------------------------------------------------------------------
---------------------------------------------------------------------------------
Finished Final Netlist Cleanup
---------------------------------------------------------------------------------
---------------------------------------------------------------------------------
Finished IO Insertion : Time (s): cpu = 00:01:20 ; elapsed = 00:01:27 . Memory (MB): peak = 2005.734 ; gain = 1188.754
---------------------------------------------------------------------------------
---------------------------------------------------------------------------------
Start Renaming Generated Instances
---------------------------------------------------------------------------------
---------------------------------------------------------------------------------
Finished Renaming Generated Instances : Time (s): cpu = 00:01:20 ; elapsed = 00:01:27 . Memory (MB): peak = 2005.734 ; gain = 1188.754
---------------------------------------------------------------------------------
---------------------------------------------------------------------------------
Start Rebuilding User Hierarchy
---------------------------------------------------------------------------------
---------------------------------------------------------------------------------
Finished Rebuilding User Hierarchy : Time (s): cpu = 00:01:20 ; elapsed = 00:01:27 . Memory (MB): peak = 2005.734 ; gain = 1188.754
---------------------------------------------------------------------------------
---------------------------------------------------------------------------------
Start Renaming Generated Ports
---------------------------------------------------------------------------------
---------------------------------------------------------------------------------
Finished Renaming Generated Ports : Time (s): cpu = 00:01:20 ; elapsed = 00:01:27 . Memory (MB): peak = 2005.734 ; gain = 1188.754
---------------------------------------------------------------------------------
---------------------------------------------------------------------------------
Start Handling Custom Attributes
---------------------------------------------------------------------------------
---------------------------------------------------------------------------------
Finished Handling Custom Attributes : Time (s): cpu = 00:01:20 ; elapsed = 00:01:27 . Memory (MB): peak = 2005.734 ; gain = 1188.754
---------------------------------------------------------------------------------
---------------------------------------------------------------------------------
Start Renaming Generated Nets
---------------------------------------------------------------------------------
---------------------------------------------------------------------------------
Finished Renaming Generated Nets : Time (s): cpu = 00:01:20 ; elapsed = 00:01:27 . Memory (MB): peak = 2005.734 ; gain = 1188.754
---------------------------------------------------------------------------------
---------------------------------------------------------------------------------
Start Writing Synthesis Report
---------------------------------------------------------------------------------

Report BlackBoxes: 
+-+--------------+----------+
| |BlackBox name |Instances |
+-+--------------+----------+
+-+--------------+----------+

Report Cell Usage: 
+------+-----+------+
|      |Cell |Count |
+------+-----+------+
|1     |IBUF |     8|
|2     |OBUF |    32|
+------+-----+------+
---------------------------------------------------------------------------------
Finished Writing Synthesis Report : Time (s): cpu = 00:01:20 ; elapsed = 00:01:27 . Memory (MB): peak = 2005.734 ; gain = 1188.754
---------------------------------------------------------------------------------
Synthesis finished with 0 errors, 0 critical warnings and 4 warnings.
Synthesis Optimization Runtime : Time (s): cpu = 00:00:55 ; elapsed = 00:01:20 . Memory (MB): peak = 2005.734 ; gain = 1188.754
Synthesis Optimization Complete : Time (s): cpu = 00:01:20 ; elapsed = 00:01:27 . Memory (MB): peak = 2005.734 ; gain = 1188.754
INFO: [Project 1-571] Translating synthesized netlist
Netlist sorting complete. Time (s): cpu = 00:00:00 ; elapsed = 00:00:00 . Memory (MB): peak = 2014.922 ; gain = 0.000
INFO: [Project 1-570] Preparing netlist for logic optimization
INFO: [Opt 31-138] Pushed 0 inverter(s) to 0 load pin(s).
Netlist sorting complete. Time (s): cpu = 00:00:00 ; elapsed = 00:00:00 . Memory (MB): peak = 2021.137 ; gain = 0.000
INFO: [Project 1-111] Unisim Transformation Summary:
No Unisim elements were transformed.

Synth Design complete | Checksum: ca6af108
INFO: [Common 17-83] Releasing license: Synthesis
22 Infos, 8 Warnings, 0 Critical Warnings and 0 Errors encountered.
synth_design completed successfully
synth_design: Time (s): cpu = 00:01:34 ; elapsed = 00:01:46 . Memory (MB): peak = 2021.137 ; gain = 1428.062
Write ShapeDB Complete: Time (s): cpu = 00:00:00 ; elapsed = 00:00:00.002 . Memory (MB): peak = 2021.137 ; gain = 0.000
INFO: [Common 17-1381] The checkpoint 'C:/Users/luish/OneDrive/Desktop/bit_manipulation/bit_manipulation.runs/synth_1/bit_manipulation.dcp' has been generated.
INFO: [Vivado 12-24828] Executing command : report_utilization -file bit_manipulation_utilization_synth.rpt -pb bit_manipulation_utilization_synth.pb
INFO: [Common 17-206] Exiting Vivado at Sun Sep 20 19:42:11 2026...
