Copyright 1986-2022 Xilinx, Inc. All Rights Reserved. Copyright 2022-2026 Advanced Micro Devices, Inc. All Rights Reserved.
------------------------------------------------------------------------------------------------------------------------------------------------------------------------------------------------------------------------------------------------------------
| Tool Version : Vivado v.2026.1 (win64) Build 6511674 Tue Jun 16 11:02:23 MDT 2026
| Date         : Sun Sep 20 19:44:36 2026
| Host         : LUIS_PC running 64-bit major release  (build 9200)
| Command      : report_timing_summary -max_paths 10 -routable_nets -report_unconstrained -file bit_manipulation_timing_summary_routed.rpt -pb bit_manipulation_timing_summary_routed.pb -rpx bit_manipulation_timing_summary_routed.rpx -warn_on_violation
| Design       : bit_manipulation
| Device       : 7a200t-fbg676
| Speed File   : -2  PRODUCTION 1.23 2018-06-13
| Design State : Routed
------------------------------------------------------------------------------------------------------------------------------------------------------------------------------------------------------------------------------------------------------------

Timing Summary Report

------------------------------------------------------------------------------------------------
| Timer Settings
| --------------
------------------------------------------------------------------------------------------------

  Enable Multi Corner Analysis               :  Yes
  Enable Pessimism Removal                   :  Yes
  Pessimism Removal Resolution               :  Nearest Common Node
  Enable Input Delay Default Clock           :  No
  Enable Preset / Clear Arcs                 :  No
  Disable Flight Delays                      :  No
  Ignore I/O Paths                           :  No
  Timing Early Launch at Borrowing Latches   :  No
  Borrow Time for Max Delay Exceptions       :  Yes
  Merge Timing Exceptions                    :  Yes
  Inter-SLR Compensation                     :  Conservative

  Corner  Analyze    Analyze    
  Name    Max Paths  Min Paths  
  ------  ---------  ---------  
  Slow    Yes        Yes        
  Fast    Yes        Yes        


------------------------------------------------------------------------------------------------
| Report Methodology
| ------------------
------------------------------------------------------------------------------------------------

No report available as report_methodology has not been run prior. Run report_methodology on the current design for the summary of methodology violations.



check_timing report

Table of Contents
-----------------
1. checking no_clock (0)
2. checking constant_clock (0)
3. checking pulse_width_clock (0)
4. checking unconstrained_internal_endpoints (0)
5. checking no_input_delay (0)
6. checking no_output_delay (0)
7. checking multiple_clock (0)
8. checking generated_clocks (0)
9. checking loops (0)
10. checking partial_input_delay (0)
11. checking partial_output_delay (0)
12. checking latch_loops (0)

1. checking no_clock (0)
------------------------
 There are 0 register/latch pins with no clock.


2. checking constant_clock (0)
------------------------------
 There are 0 register/latch pins with constant_clock.


3. checking pulse_width_clock (0)
---------------------------------
 There are 0 register/latch pins which need pulse_width check


4. checking unconstrained_internal_endpoints (0)
------------------------------------------------
 There are 0 pins that are not constrained for maximum delay.

 There are 0 pins that are not constrained for maximum delay due to constant clock.


5. checking no_input_delay (0)
------------------------------
 There are 0 input ports with no input delay specified.

 There are 0 input ports with no input delay but user has a false path constraint.


6. checking no_output_delay (0)
-------------------------------
 There are 0 ports with no output delay specified.

 There are 0 ports with no output delay but user has a false path constraint

 There are 0 ports with no output delay but with a timing clock defined on it or propagating through it


7. checking multiple_clock (0)
------------------------------
 There are 0 register/latch pins with multiple clocks.


8. checking generated_clocks (0)
--------------------------------
 There are 0 generated clocks that are not connected to a clock source.


9. checking loops (0)
---------------------
 There are 0 combinational loops in the design.


10. checking partial_input_delay (0)
------------------------------------
 There are 0 input ports with partial input delay specified.


11. checking partial_output_delay (0)
-------------------------------------
 There are 0 ports with partial output delay specified.


12. checking latch_loops (0)
----------------------------
 There are 0 combinational latch loops in the design through latch input



------------------------------------------------------------------------------------------------
| Design Timing Summary
| ---------------------
------------------------------------------------------------------------------------------------

    WNS(ns)      TNS(ns)  TNS Failing Endpoints  TNS Total Endpoints      WHS(ns)      THS(ns)  THS Failing Endpoints  THS Total Endpoints     WPWS(ns)     TPWS(ns)  TPWS Failing Endpoints  TPWS Total Endpoints  
    -------      -------  ---------------------  -------------------      -------      -------  ---------------------  -------------------     --------     --------  ----------------------  --------------------  
        inf        0.000                      0                   29          inf        0.000                      0                   29           NA           NA                      NA                    NA  


There are no user specified timing constraints.


------------------------------------------------------------------------------------------------
| Clock Summary
| -------------
------------------------------------------------------------------------------------------------


------------------------------------------------------------------------------------------------
| Intra Clock Table
| -----------------
------------------------------------------------------------------------------------------------

Clock             WNS(ns)      TNS(ns)  TNS Failing Endpoints  TNS Total Endpoints      WHS(ns)      THS(ns)  THS Failing Endpoints  THS Total Endpoints     WPWS(ns)     TPWS(ns)  TPWS Failing Endpoints  TPWS Total Endpoints  
-----             -------      -------  ---------------------  -------------------      -------      -------  ---------------------  -------------------     --------     --------  ----------------------  --------------------  


------------------------------------------------------------------------------------------------
| Inter Clock Table
| -----------------
------------------------------------------------------------------------------------------------

From Clock    To Clock          WNS(ns)      TNS(ns)  TNS Failing Endpoints  TNS Total Endpoints      WHS(ns)      THS(ns)  THS Failing Endpoints  THS Total Endpoints  
----------    --------          -------      -------  ---------------------  -------------------      -------      -------  ---------------------  -------------------  


------------------------------------------------------------------------------------------------
| Other Path Groups Table
| -----------------------
------------------------------------------------------------------------------------------------

Path Group    From Clock    To Clock          WNS(ns)      TNS(ns)  TNS Failing Endpoints  TNS Total Endpoints      WHS(ns)      THS(ns)  THS Failing Endpoints  THS Total Endpoints  
----------    ----------    --------          -------      -------  ---------------------  -------------------      -------      -------  ---------------------  -------------------  


------------------------------------------------------------------------------------------------
| User Ignored Path Table
| -----------------------
------------------------------------------------------------------------------------------------

Path Group    From Clock    To Clock    
----------    ----------    --------    


------------------------------------------------------------------------------------------------
| Unconstrained Path Table
| ------------------------
------------------------------------------------------------------------------------------------

Path Group    From Clock    To Clock    
----------    ----------    --------    
(none)                                    


------------------------------------------------------------------------------------------------
| Timing Details
| --------------
------------------------------------------------------------------------------------------------


--------------------------------------------------------------------------------------
Path Group:  (none)
From Clock:  
  To Clock:  

Max Delay            29 Endpoints
Min Delay            29 Endpoints
--------------------------------------------------------------------------------------


Max Delay Paths
--------------------------------------------------------------------------------------
Slack:                    inf
  Source:                 a[7]
                            (input port)
  Destination:            shift_left[4]
                            (output port)
  Path Group:             (none)
  Path Type:              Max at Slow Process Corner
  Data Path Delay:        6.680ns  (logic 3.300ns (49.399%)  route 3.380ns (50.601%))
  Logic Levels:           2  (IBUF=1 OBUF=1)

    Location             Delay type                Incr(ns)  Path(ns)    Netlist Resource(s)
  -------------------------------------------------------------------    -------------------
    T25                                               0.000     0.000 r  a[7]
                         net (fo=0)                   0.000     0.000    a[7]
    T25                  IBUF (Prop_ibuf_I_O)         0.909     0.909 r  a_IBUF[7]_inst/O
                         net (fo=10, routed)          3.380     4.289    sha_OBUF[4]
    K25                  OBUF (Prop_obuf_I_O)         2.391     6.680 r  shift_left_OBUF[4]_inst/O
                         net (fo=0)                   0.000     6.680    shift_left[4]
    K25                                                               r  shift_left[4]
  -------------------------------------------------------------------    -------------------

Slack:                    inf
  Source:                 a[7]
                            (input port)
  Destination:            shift_arithmetic[7]
                            (output port)
  Path Group:             (none)
  Path Type:              Max at Slow Process Corner
  Data Path Delay:        6.326ns  (logic 3.297ns (52.124%)  route 3.029ns (47.876%))
  Logic Levels:           2  (IBUF=1 OBUF=1)

    Location             Delay type                Incr(ns)  Path(ns)    Netlist Resource(s)
  -------------------------------------------------------------------    -------------------
    T25                                               0.000     0.000 r  a[7]
                         net (fo=0)                   0.000     0.000    a[7]
    T25                  IBUF (Prop_ibuf_I_O)         0.909     0.909 r  a_IBUF[7]_inst/O
                         net (fo=10, routed)          3.029     3.938    sha_OBUF[4]
    L25                  OBUF (Prop_obuf_I_O)         2.388     6.326 r  shift_arithmetic_OBUF[7]_inst/O
                         net (fo=0)                   0.000     6.326    shift_arithmetic[7]
    L25                                                               r  shift_arithmetic[7]
  -------------------------------------------------------------------    -------------------

Slack:                    inf
  Source:                 a[7]
                            (input port)
  Destination:            shift_arithmetic[6]
                            (output port)
  Path Group:             (none)
  Path Type:              Max at Slow Process Corner
  Data Path Delay:        6.202ns  (logic 3.293ns (53.096%)  route 2.909ns (46.904%))
  Logic Levels:           2  (IBUF=1 OBUF=1)

    Location             Delay type                Incr(ns)  Path(ns)    Netlist Resource(s)
  -------------------------------------------------------------------    -------------------
    T25                                               0.000     0.000 r  a[7]
                         net (fo=0)                   0.000     0.000    a[7]
    T25                  IBUF (Prop_ibuf_I_O)         0.909     0.909 r  a_IBUF[7]_inst/O
                         net (fo=10, routed)          2.909     3.818    sha_OBUF[4]
    M24                  OBUF (Prop_obuf_I_O)         2.384     6.202 r  shift_arithmetic_OBUF[6]_inst/O
                         net (fo=0)                   0.000     6.202    shift_arithmetic[6]
    M24                                                               r  shift_arithmetic[6]
  -------------------------------------------------------------------    -------------------

Slack:                    inf
  Source:                 a[7]
                            (input port)
  Destination:            shift_arithmetic[5]
                            (output port)
  Path Group:             (none)
  Path Type:              Max at Slow Process Corner
  Data Path Delay:        6.092ns  (logic 3.303ns (54.219%)  route 2.789ns (45.781%))
  Logic Levels:           2  (IBUF=1 OBUF=1)

    Location             Delay type                Incr(ns)  Path(ns)    Netlist Resource(s)
  -------------------------------------------------------------------    -------------------
    T25                                               0.000     0.000 r  a[7]
                         net (fo=0)                   0.000     0.000    a[7]
    T25                  IBUF (Prop_ibuf_I_O)         0.909     0.909 r  a_IBUF[7]_inst/O
                         net (fo=10, routed)          2.789     3.698    sha_OBUF[4]
    M25                  OBUF (Prop_obuf_I_O)         2.394     6.092 r  shift_arithmetic_OBUF[5]_inst/O
                         net (fo=0)                   0.000     6.092    shift_arithmetic[5]
    M25                                                               r  shift_arithmetic[5]
  -------------------------------------------------------------------    -------------------

Slack:                    inf
  Source:                 a[7]
                            (input port)
  Destination:            shift_arithmetic[4]
                            (output port)
  Path Group:             (none)
  Path Type:              Max at Slow Process Corner
  Data Path Delay:        5.948ns  (logic 3.279ns (55.128%)  route 2.669ns (44.872%))
  Logic Levels:           2  (IBUF=1 OBUF=1)

    Location             Delay type                Incr(ns)  Path(ns)    Netlist Resource(s)
  -------------------------------------------------------------------    -------------------
    T25                                               0.000     0.000 r  a[7]
                         net (fo=0)                   0.000     0.000    a[7]
    T25                  IBUF (Prop_ibuf_I_O)         0.909     0.909 r  a_IBUF[7]_inst/O
                         net (fo=10, routed)          2.669     3.578    sha_OBUF[4]
    L22                  OBUF (Prop_obuf_I_O)         2.370     5.948 r  shift_arithmetic_OBUF[4]_inst/O
                         net (fo=0)                   0.000     5.948    shift_arithmetic[4]
    L22                                                               r  shift_arithmetic[4]
  -------------------------------------------------------------------    -------------------

Slack:                    inf
  Source:                 a[6]
                            (input port)
  Destination:            shift_left[3]
                            (output port)
  Path Group:             (none)
  Path Type:              Max at Slow Process Corner
  Data Path Delay:        5.862ns  (logic 3.331ns (56.816%)  route 2.532ns (43.184%))
  Logic Levels:           2  (IBUF=1 OBUF=1)

    Location             Delay type                Incr(ns)  Path(ns)    Netlist Resource(s)
  -------------------------------------------------------------------    -------------------
    R26                                               0.000     0.000 r  a[6]
                         net (fo=0)                   0.000     0.000    a[6]
    R26                  IBUF (Prop_ibuf_I_O)         0.927     0.927 r  a_IBUF[6]_inst/O
                         net (fo=4, routed)           2.532     3.458    sha_OBUF[3]
    K26                  OBUF (Prop_obuf_I_O)         2.404     5.862 r  shift_left_OBUF[3]_inst/O
                         net (fo=0)                   0.000     5.862    shift_left[3]
    K26                                                               r  shift_left[3]
  -------------------------------------------------------------------    -------------------

Slack:                    inf
  Source:                 a[4]
                            (input port)
  Destination:            shift_left[1]
                            (output port)
  Path Group:             (none)
  Path Type:              Max at Slow Process Corner
  Data Path Delay:        5.827ns  (logic 3.268ns (56.094%)  route 2.558ns (43.906%))
  Logic Levels:           2  (IBUF=1 OBUF=1)

    Location             Delay type                Incr(ns)  Path(ns)    Netlist Resource(s)
  -------------------------------------------------------------------    -------------------
    T22                                               0.000     0.000 r  a[4]
                         net (fo=0)                   0.000     0.000    a[4]
    T22                  IBUF (Prop_ibuf_I_O)         0.898     0.898 r  a_IBUF[4]_inst/O
                         net (fo=4, routed)           2.558     3.456    sha_OBUF[1]
    L20                  OBUF (Prop_obuf_I_O)         2.371     5.827 r  shift_left_OBUF[1]_inst/O
                         net (fo=0)                   0.000     5.827    shift_left[1]
    L20                                                               r  shift_left[1]
  -------------------------------------------------------------------    -------------------

Slack:                    inf
  Source:                 a[5]
                            (input port)
  Destination:            shift_left[2]
                            (output port)
  Path Group:             (none)
  Path Type:              Max at Slow Process Corner
  Data Path Delay:        5.814ns  (logic 3.282ns (56.454%)  route 2.532ns (43.546%))
  Logic Levels:           2  (IBUF=1 OBUF=1)

    Location             Delay type                Incr(ns)  Path(ns)    Netlist Resource(s)
  -------------------------------------------------------------------    -------------------
    P26                                               0.000     0.000 r  a[5]
                         net (fo=0)                   0.000     0.000    a[5]
    P26                  IBUF (Prop_ibuf_I_O)         0.914     0.914 r  a_IBUF[5]_inst/O
                         net (fo=4, routed)           2.532     3.446    sha_OBUF[2]
    M20                  OBUF (Prop_obuf_I_O)         2.368     5.814 r  shift_left_OBUF[2]_inst/O
                         net (fo=0)                   0.000     5.814    shift_left[2]
    M20                                                               r  shift_left[2]
  -------------------------------------------------------------------    -------------------

Slack:                    inf
  Source:                 a[3]
                            (input port)
  Destination:            shift_left[0]
                            (output port)
  Path Group:             (none)
  Path Type:              Max at Slow Process Corner
  Data Path Delay:        5.813ns  (logic 3.282ns (56.465%)  route 2.531ns (43.535%))
  Logic Levels:           2  (IBUF=1 OBUF=1)

    Location             Delay type                Incr(ns)  Path(ns)    Netlist Resource(s)
  -------------------------------------------------------------------    -------------------
    R22                                               0.000     0.000 r  a[3]
                         net (fo=0)                   0.000     0.000    a[3]
    R22                  IBUF (Prop_ibuf_I_O)         0.898     0.898 r  a_IBUF[3]_inst/O
                         net (fo=4, routed)           2.531     3.429    sha_OBUF[0]
    L24                  OBUF (Prop_obuf_I_O)         2.384     5.813 r  shift_left_OBUF[0]_inst/O
                         net (fo=0)                   0.000     5.813    shift_left[0]
    L24                                                               r  shift_left[0]
  -------------------------------------------------------------------    -------------------

Slack:                    inf
  Source:                 a[7]
                            (input port)
  Destination:            sha[7]
                            (output port)
  Path Group:             (none)
  Path Type:              Max at Slow Process Corner
  Data Path Delay:        5.551ns  (logic 3.269ns (58.895%)  route 2.282ns (41.105%))
  Logic Levels:           2  (IBUF=1 OBUF=1)

    Location             Delay type                Incr(ns)  Path(ns)    Netlist Resource(s)
  -------------------------------------------------------------------    -------------------
    T25                                               0.000     0.000 r  a[7]
                         net (fo=0)                   0.000     0.000    a[7]
    T25                  IBUF (Prop_ibuf_I_O)         0.909     0.909 r  a_IBUF[7]_inst/O
                         net (fo=10, routed)          2.282     3.191    sha_OBUF[4]
    N22                  OBUF (Prop_obuf_I_O)         2.360     5.551 r  sha_OBUF[7]_inst/O
                         net (fo=0)                   0.000     5.551    sha[7]
    N22                                                               r  sha[7]
  -------------------------------------------------------------------    -------------------





Min Delay Paths
--------------------------------------------------------------------------------------
Slack:                    inf
  Source:                 a[3]
                            (input port)
  Destination:            rotate[0]
                            (output port)
  Path Group:             (none)
  Path Type:              Min at Fast Process Corner
  Data Path Delay:        1.756ns  (logic 1.349ns (76.802%)  route 0.407ns (23.198%))
  Logic Levels:           2  (IBUF=1 OBUF=1)

    Location             Delay type                Incr(ns)  Path(ns)    Netlist Resource(s)
  -------------------------------------------------------------------    -------------------
    R22                                               0.000     0.000 r  a[3]
                         net (fo=0)                   0.000     0.000    a[3]
    R22                  IBUF (Prop_ibuf_I_O)         0.195     0.195 r  a_IBUF[3]_inst/O
                         net (fo=4, routed)           0.407     0.602    sha_OBUF[0]
    T24                  OBUF (Prop_obuf_I_O)         1.154     1.756 r  rotate_OBUF[0]_inst/O
                         net (fo=0)                   0.000     1.756    rotate[0]
    T24                                                               r  rotate[0]
  -------------------------------------------------------------------    -------------------

Slack:                    inf
  Source:                 a[7]
                            (input port)
  Destination:            rotate[4]
                            (output port)
  Path Group:             (none)
  Path Type:              Min at Fast Process Corner
  Data Path Delay:        1.773ns  (logic 1.366ns (77.029%)  route 0.407ns (22.971%))
  Logic Levels:           2  (IBUF=1 OBUF=1)

    Location             Delay type                Incr(ns)  Path(ns)    Netlist Resource(s)
  -------------------------------------------------------------------    -------------------
    T25                                               0.000     0.000 r  a[7]
                         net (fo=0)                   0.000     0.000    a[7]
    T25                  IBUF (Prop_ibuf_I_O)         0.206     0.206 r  a_IBUF[7]_inst/O
                         net (fo=10, routed)          0.407     0.613    sha_OBUF[4]
    R25                  OBUF (Prop_obuf_I_O)         1.160     1.773 r  rotate_OBUF[4]_inst/O
                         net (fo=0)                   0.000     1.773    rotate[4]
    R25                                                               r  rotate[4]
  -------------------------------------------------------------------    -------------------

Slack:                    inf
  Source:                 a[4]
                            (input port)
  Destination:            rotate[1]
                            (output port)
  Path Group:             (none)
  Path Type:              Min at Fast Process Corner
  Data Path Delay:        1.775ns  (logic 1.368ns (77.057%)  route 0.407ns (22.943%))
  Logic Levels:           2  (IBUF=1 OBUF=1)

    Location             Delay type                Incr(ns)  Path(ns)    Netlist Resource(s)
  -------------------------------------------------------------------    -------------------
    T22                                               0.000     0.000 r  a[4]
                         net (fo=0)                   0.000     0.000    a[4]
    T22                  IBUF (Prop_ibuf_I_O)         0.195     0.195 r  a_IBUF[4]_inst/O
                         net (fo=4, routed)           0.407     0.602    sha_OBUF[1]
    M26                  OBUF (Prop_obuf_I_O)         1.174     1.775 r  rotate_OBUF[1]_inst/O
                         net (fo=0)                   0.000     1.775    rotate[1]
    M26                                                               r  rotate[1]
  -------------------------------------------------------------------    -------------------

Slack:                    inf
  Source:                 a[0]
                            (input port)
  Destination:            rotate[5]
                            (output port)
  Path Group:             (none)
  Path Type:              Min at Fast Process Corner
  Data Path Delay:        1.782ns  (logic 1.277ns (71.671%)  route 0.505ns (28.329%))
  Logic Levels:           2  (IBUF=1 OBUF=1)

    Location             Delay type                Incr(ns)  Path(ns)    Netlist Resource(s)
  -------------------------------------------------------------------    -------------------
    R18                                               0.000     0.000 r  a[0]
                         net (fo=0)                   0.000     0.000    a[0]
    R18                  IBUF (Prop_ibuf_I_O)         0.150     0.150 r  a_IBUF[0]_inst/O
                         net (fo=1, routed)           0.505     0.655    rotate_OBUF[5]
    R21                  OBUF (Prop_obuf_I_O)         1.128     1.782 r  rotate_OBUF[5]_inst/O
                         net (fo=0)                   0.000     1.782    rotate[5]
    R21                                                               r  rotate[5]
  -------------------------------------------------------------------    -------------------

Slack:                    inf
  Source:                 a[6]
                            (input port)
  Destination:            rotate[3]
                            (output port)
  Path Group:             (none)
  Path Type:              Min at Fast Process Corner
  Data Path Delay:        1.785ns  (logic 1.377ns (77.177%)  route 0.407ns (22.823%))
  Logic Levels:           2  (IBUF=1 OBUF=1)

    Location             Delay type                Incr(ns)  Path(ns)    Netlist Resource(s)
  -------------------------------------------------------------------    -------------------
    R26                                               0.000     0.000 r  a[6]
                         net (fo=0)                   0.000     0.000    a[6]
    R26                  IBUF (Prop_ibuf_I_O)         0.223     0.223 r  a_IBUF[6]_inst/O
                         net (fo=4, routed)           0.407     0.631    sha_OBUF[3]
    P25                  OBUF (Prop_obuf_I_O)         1.154     1.785 r  rotate_OBUF[3]_inst/O
                         net (fo=0)                   0.000     1.785    rotate[3]
    P25                                                               r  rotate[3]
  -------------------------------------------------------------------    -------------------

Slack:                    inf
  Source:                 a[5]
                            (input port)
  Destination:            rotate[2]
                            (output port)
  Path Group:             (none)
  Path Type:              Min at Fast Process Corner
  Data Path Delay:        1.786ns  (logic 1.378ns (77.190%)  route 0.407ns (22.810%))
  Logic Levels:           2  (IBUF=1 OBUF=1)

    Location             Delay type                Incr(ns)  Path(ns)    Netlist Resource(s)
  -------------------------------------------------------------------    -------------------
    P26                                               0.000     0.000 r  a[5]
                         net (fo=0)                   0.000     0.000    a[5]
    P26                  IBUF (Prop_ibuf_I_O)         0.211     0.211 r  a_IBUF[5]_inst/O
                         net (fo=4, routed)           0.407     0.618    sha_OBUF[2]
    N26                  OBUF (Prop_obuf_I_O)         1.168     1.786 r  rotate_OBUF[2]_inst/O
                         net (fo=0)                   0.000     1.786    rotate[2]
    N26                                                               r  rotate[2]
  -------------------------------------------------------------------    -------------------

Slack:                    inf
  Source:                 a[1]
                            (input port)
  Destination:            rotate[6]
                            (output port)
  Path Group:             (none)
  Path Type:              Min at Fast Process Corner
  Data Path Delay:        1.822ns  (logic 1.317ns (72.290%)  route 0.505ns (27.710%))
  Logic Levels:           2  (IBUF=1 OBUF=1)

    Location             Delay type                Incr(ns)  Path(ns)    Netlist Resource(s)
  -------------------------------------------------------------------    -------------------
    R23                                               0.000     0.000 r  a[1]
                         net (fo=0)                   0.000     0.000    a[1]
    R23                  IBUF (Prop_ibuf_I_O)         0.193     0.193 r  a_IBUF[1]_inst/O
                         net (fo=1, routed)           0.505     0.698    rotate_OBUF[6]
    R20                  OBUF (Prop_obuf_I_O)         1.124     1.822 r  rotate_OBUF[6]_inst/O
                         net (fo=0)                   0.000     1.822    rotate[6]
    R20                                                               r  rotate[6]
  -------------------------------------------------------------------    -------------------

Slack:                    inf
  Source:                 a[4]
                            (input port)
  Destination:            sha[1]
                            (output port)
  Path Group:             (none)
  Path Type:              Min at Fast Process Corner
  Data Path Delay:        1.851ns  (logic 1.307ns (70.579%)  route 0.545ns (29.421%))
  Logic Levels:           2  (IBUF=1 OBUF=1)

    Location             Delay type                Incr(ns)  Path(ns)    Netlist Resource(s)
  -------------------------------------------------------------------    -------------------
    T22                                               0.000     0.000 r  a[4]
                         net (fo=0)                   0.000     0.000    a[4]
    T22                  IBUF (Prop_ibuf_I_O)         0.195     0.195 r  a_IBUF[4]_inst/O
                         net (fo=4, routed)           0.545     0.739    sha_OBUF[1]
    N19                  OBUF (Prop_obuf_I_O)         1.112     1.851 r  sha_OBUF[1]_inst/O
                         net (fo=0)                   0.000     1.851    sha[1]
    N19                                                               r  sha[1]
  -------------------------------------------------------------------    -------------------

Slack:                    inf
  Source:                 a[5]
                            (input port)
  Destination:            sha[2]
                            (output port)
  Path Group:             (none)
  Path Type:              Min at Fast Process Corner
  Data Path Delay:        1.868ns  (logic 1.323ns (70.838%)  route 0.545ns (29.162%))
  Logic Levels:           2  (IBUF=1 OBUF=1)

    Location             Delay type                Incr(ns)  Path(ns)    Netlist Resource(s)
  -------------------------------------------------------------------    -------------------
    P26                                               0.000     0.000 r  a[5]
                         net (fo=0)                   0.000     0.000    a[5]
    P26                  IBUF (Prop_ibuf_I_O)         0.211     0.211 r  a_IBUF[5]_inst/O
                         net (fo=4, routed)           0.545     0.755    sha_OBUF[2]
    P19                  OBUF (Prop_obuf_I_O)         1.112     1.868 r  sha_OBUF[2]_inst/O
                         net (fo=0)                   0.000     1.868    sha[2]
    P19                                                               r  sha[2]
  -------------------------------------------------------------------    -------------------

Slack:                    inf
  Source:                 a[2]
                            (input port)
  Destination:            rotate[7]
                            (output port)
  Path Group:             (none)
  Path Type:              Min at Fast Process Corner
  Data Path Delay:        1.876ns  (logic 1.353ns (72.114%)  route 0.523ns (27.886%))
  Logic Levels:           2  (IBUF=1 OBUF=1)

    Location             Delay type                Incr(ns)  Path(ns)    Netlist Resource(s)
  -------------------------------------------------------------------    -------------------
    T23                                               0.000     0.000 r  a[2]
                         net (fo=0)                   0.000     0.000    a[2]
    T23                  IBUF (Prop_ibuf_I_O)         0.205     0.205 r  a_IBUF[2]_inst/O
                         net (fo=1, routed)           0.523     0.728    rotate_OBUF[7]
    P24                  OBUF (Prop_obuf_I_O)         1.148     1.876 r  rotate_OBUF[7]_inst/O
                         net (fo=0)                   0.000     1.876    rotate[7]
    P24                                                               r  rotate[7]
  -------------------------------------------------------------------    -------------------





